****************************************
Report : resources
Design : basicAdder
Version: U-2022.12-SP7
Date   : Tue Dec 12 15:16:36 2023
****************************************

Resource Sharing Report for design basicAdder in file ./source/basicAdder.v

===============================================================================
|          |              |            | Contained     |                      |
| Resource | Module       | Parameters | Resources     | Contained Operations |
===============================================================================
| r59      | DW01_add     | width=33   |               | add_1_root_add_10_2  |
===============================================================================


Implementation Report
===============================================================================
|                    |                  | Current            | Set            |
| Cell               | Module           | Implementation     | Implementation |
===============================================================================
| add_1_root_add_10_2                   |                    |                |
|                    | DW01_add         | rpl                |                |
===============================================================================

1