****************************************
Report : cell
Design : basicAdder
Version: U-2022.12-SP7
Date   : Tue Dec 12 15:16:36 2023
****************************************

Attributes:
   BO - reference allows boundary optimization
    b - black box (unknown)
    h - hierarchical
    n - noncombinational
    r - removable
    u - contains unmapped logic

Cell                      Reference       Library             Area  Attributes
--------------------------------------------------------------------------------
U6                        NOR2X0          saed90nm_typ_ht 5.529600  
U7                        XOR2X1          saed90nm_typ_ht 13.824000 
U8                        XNOR2X1         saed90nm_typ_ht 13.824000 
add_1_root_add_10_2       basicAdder_DW01_add_0           943.718384
                                                                    BO, h
--------------------------------------------------------------------------------
Total 4 cells                                             976.895985
1