****************************************
Report : area
Design : basicAdder
Version: U-2022.12-SP7
Date   : Tue Dec 12 15:16:36 2023
****************************************

Information: Updating design information... (UID-85)
Library(s) Used:

    saed90nm_typ_ht (File: /home/user28/Downloads/basicAdder/ref/models/saed90nm_typ_ht.db)

Number of ports:                          200
Number of nets:                           231
Number of cells:                           37
Number of combinational cells:             35
Number of sequential cells:                 0
Number of macros/black boxes:               0
Number of buf/inv:                          0
Number of references:                       4

Combinational area:                976.895985
Buf/Inv area:                        0.000000
Noncombinational area:               0.000000
Macro/Black Box area:                0.000000
Net Interconnect area:              19.135267

Total cell area:                   976.895985
Total area:                        996.031251
1