Loading db file '/home/user28/Downloads/basicAdder/ref/models/saed90nm_typ_ht.db'
Information: Propagating switching activity (low effort zero delay simulation). (PWR-6)
Warning: There is no defined clock in the design. (PWR-80)
Warning: Design has unannotated primary inputs. (PWR-414)
 
****************************************
Report : power
        -analysis_effort low
Design : basicAdder
Version: U-2022.12-SP7
Date   : Tue Dec 12 15:45:59 2023
****************************************


Library(s) Used:

    saed90nm_typ_ht (File: /home/user28/Downloads/basicAdder/ref/models/saed90nm_typ_ht.db)


Operating Conditions: TYPICAL   Library: saed90nm_typ_ht
Wire Load Model Mode: enclosed

Design        Wire Load Model            Library
------------------------------------------------
basicAdder             8000              saed90nm_typ_ht
basicAdder_DW01_add_0  8000              saed90nm_typ_ht


Global Operating Voltage = 1.2  
Power-specific unit information :
    Voltage Units = 1V
    Capacitance Units = 1.000000ff
    Time Units = 1ns
    Dynamic Power Units = 1uW    (derived from V,C,T units)
    Leakage Power Units = 1pW


Attributes
----------
i - Including register clock pin internal power


  Cell Internal Power  = 277.6111 uW   (71%)
  Net Switching Power  = 110.8197 uW   (29%)
                         ---------
Total Dynamic Power    = 388.4308 uW  (100%)

Cell Leakage Power     =  15.4468 uW

Information: report_power power group summary does not include estimated clock tree power. (PWR-789)

                 Internal         Switching           Leakage            Total
Power Group      Power            Power               Power              Power   (   %    )  Attrs
--------------------------------------------------------------------------------------------------
io_pad             0.0000            0.0000            0.0000            0.0000  (   0.00%)
memory             0.0000            0.0000            0.0000            0.0000  (   0.00%)
black_box          0.0000            0.0000            0.0000            0.0000  (   0.00%)
clock_network      0.0000            0.0000            0.0000            0.0000  (   0.00%)  i
register           0.0000            0.0000            0.0000            0.0000  (   0.00%)
sequential         0.0000            0.0000            0.0000            0.0000  (   0.00%)
combinational    277.6111          110.8197        1.5447e+07          403.8777  ( 100.00%)
--------------------------------------------------------------------------------------------------
Total            277.6111 uW       110.8197 uW     1.5447e+07 pW       403.8777 uW
1