Loading db file '/home/user28/Downloads/lookAheadAdder/ref/models/saed90nm_typ_ht.db'
Information: Propagating switching activity (low effort zero delay simulation). (PWR-6)
Warning: There is no defined clock in the design. (PWR-80)
Warning: Design has unannotated primary inputs. (PWR-414)
 
****************************************
Report : power
        -analysis_effort low
Design : carrySelectAdder
Version: U-2022.12-SP7
Date   : Tue Dec 12 20:04:37 2023
****************************************


Library(s) Used:

    saed90nm_typ_ht (File: /home/user28/Downloads/lookAheadAdder/ref/models/saed90nm_typ_ht.db)


Operating Conditions: TYPICAL   Library: saed90nm_typ_ht
Wire Load Model Mode: enclosed

Design        Wire Load Model            Library
------------------------------------------------
carrySelectAdder       8000              saed90nm_typ_ht
fullAdder16_0          8000              saed90nm_typ_ht
fullAdder_0            ForQA             saed90nm_typ_ht
fullAdder16_1          8000              saed90nm_typ_ht
fullAdder16_2          8000              saed90nm_typ_ht
fullAdder_1            ForQA             saed90nm_typ_ht
fullAdder_2            ForQA             saed90nm_typ_ht
fullAdder_3            ForQA             saed90nm_typ_ht
fullAdder_4            ForQA             saed90nm_typ_ht
fullAdder_5            ForQA             saed90nm_typ_ht
fullAdder_6            ForQA             saed90nm_typ_ht
fullAdder_7            ForQA             saed90nm_typ_ht
fullAdder_8            ForQA             saed90nm_typ_ht
fullAdder_9            ForQA             saed90nm_typ_ht
fullAdder_10           ForQA             saed90nm_typ_ht
fullAdder_11           ForQA             saed90nm_typ_ht
fullAdder_12           ForQA             saed90nm_typ_ht
fullAdder_13           ForQA             saed90nm_typ_ht
fullAdder_14           ForQA             saed90nm_typ_ht
fullAdder_15           ForQA             saed90nm_typ_ht
fullAdder_16           ForQA             saed90nm_typ_ht
fullAdder_17           ForQA             saed90nm_typ_ht
fullAdder_18           ForQA             saed90nm_typ_ht
fullAdder_19           ForQA             saed90nm_typ_ht
fullAdder_20           ForQA             saed90nm_typ_ht
fullAdder_21           ForQA             saed90nm_typ_ht
fullAdder_22           ForQA             saed90nm_typ_ht
fullAdder_23           ForQA             saed90nm_typ_ht
fullAdder_24           ForQA             saed90nm_typ_ht
fullAdder_25           ForQA             saed90nm_typ_ht
fullAdder_26           ForQA             saed90nm_typ_ht
fullAdder_27           ForQA             saed90nm_typ_ht
fullAdder_28           ForQA             saed90nm_typ_ht
fullAdder_29           ForQA             saed90nm_typ_ht
fullAdder_30           ForQA             saed90nm_typ_ht
fullAdder_31           ForQA             saed90nm_typ_ht
fullAdder_32           ForQA             saed90nm_typ_ht
fullAdder_33           ForQA             saed90nm_typ_ht
fullAdder_34           ForQA             saed90nm_typ_ht
fullAdder_35           ForQA             saed90nm_typ_ht
fullAdder_36           ForQA             saed90nm_typ_ht
fullAdder_37           ForQA             saed90nm_typ_ht
fullAdder_38           ForQA             saed90nm_typ_ht
fullAdder_39           ForQA             saed90nm_typ_ht
fullAdder_40           ForQA             saed90nm_typ_ht
fullAdder_41           ForQA             saed90nm_typ_ht
fullAdder_42           ForQA             saed90nm_typ_ht
fullAdder_43           ForQA             saed90nm_typ_ht
fullAdder_44           ForQA             saed90nm_typ_ht
fullAdder_45           ForQA             saed90nm_typ_ht
fullAdder_46           ForQA             saed90nm_typ_ht
fullAdder_47           ForQA             saed90nm_typ_ht


Global Operating Voltage = 1.2  
Power-specific unit information :
    Voltage Units = 1V
    Capacitance Units = 1.000000ff
    Time Units = 1ns
    Dynamic Power Units = 1uW    (derived from V,C,T units)
    Leakage Power Units = 1pW


Attributes
----------
i - Including register clock pin internal power


  Cell Internal Power  = 697.6056 uW   (80%)
  Net Switching Power  = 175.8166 uW   (20%)
                         ---------
Total Dynamic Power    = 873.4222 uW  (100%)

Cell Leakage Power     =  36.0571 uW

Information: report_power power group summary does not include estimated clock tree power. (PWR-789)

                 Internal         Switching           Leakage            Total
Power Group      Power            Power               Power              Power   (   %    )  Attrs
--------------------------------------------------------------------------------------------------
io_pad             0.0000            0.0000            0.0000            0.0000  (   0.00%)
memory             0.0000            0.0000            0.0000            0.0000  (   0.00%)
black_box          0.0000            0.0000            0.0000            0.0000  (   0.00%)
clock_network      0.0000            0.0000            0.0000            0.0000  (   0.00%)  i
register           0.0000            0.0000            0.0000            0.0000  (   0.00%)
sequential         0.0000            0.0000            0.0000            0.0000  (   0.00%)
combinational    697.6058          175.8166        3.6057e+07          909.4794  ( 100.00%)
--------------------------------------------------------------------------------------------------
Total            697.6058 uW       175.8166 uW     3.6057e+07 pW       909.4794 uW
1