****************************************
Report : timing
        -path full
        -delay max
        -max_paths 10
Design : rippleCarryAdder
Version: U-2022.12-SP7
Date   : Tue Dec 12 19:32:13 2023
****************************************

Operating Conditions: TYPICAL   Library: saed90nm_typ_ht
Wire Load Model Mode: enclosed

  Startpoint: B[0] (input port)
  Endpoint: overFlow (output port)
  Path Group: (none)
  Path Type: max

  Des/Clust/Port     Wire Load Model       Library
  ------------------------------------------------
  rippleCarryAdder   8000                  saed90nm_typ_ht
  fullAdder_0        ForQA                 saed90nm_typ_ht

  Point                                                   Incr       Path
  --------------------------------------------------------------------------
  input external delay                                    1.00       1.00 r
  B[0] (in)                                               0.00       1.00 r
  gen_full_adders[0].FA/B (fullAdder_0)                   0.00       1.00 r
  gen_full_adders[0].FA/U3/Q (XOR2X1)                     0.22       1.22 f
  gen_full_adders[0].FA/U2/Q (AO22X1)                     0.18       1.40 f
  gen_full_adders[0].FA/Cout (fullAdder_0)                0.00       1.40 f
  gen_full_adders[1].FA/Cin (fullAdder_31)                0.00       1.40 f
  gen_full_adders[1].FA/U2/Q (AO22X1)                     0.17       1.57 f
  gen_full_adders[1].FA/Cout (fullAdder_31)               0.00       1.57 f
  gen_full_adders[2].FA/Cin (fullAdder_30)                0.00       1.57 f
  gen_full_adders[2].FA/U2/Q (AO22X1)                     0.17       1.75 f
  gen_full_adders[2].FA/Cout (fullAdder_30)               0.00       1.75 f
  gen_full_adders[3].FA/Cin (fullAdder_29)                0.00       1.75 f
  gen_full_adders[3].FA/U2/Q (AO22X1)                     0.17       1.92 f
  gen_full_adders[3].FA/Cout (fullAdder_29)               0.00       1.92 f
  gen_full_adders[4].FA/Cin (fullAdder_28)                0.00       1.92 f
  gen_full_adders[4].FA/U2/Q (AO22X1)                     0.17       2.10 f
  gen_full_adders[4].FA/Cout (fullAdder_28)               0.00       2.10 f
  gen_full_adders[5].FA/Cin (fullAdder_27)                0.00       2.10 f
  gen_full_adders[5].FA/U2/Q (AO22X1)                     0.17       2.27 f
  gen_full_adders[5].FA/Cout (fullAdder_27)               0.00       2.27 f
  gen_full_adders[6].FA/Cin (fullAdder_26)                0.00       2.27 f
  gen_full_adders[6].FA/U2/Q (AO22X1)                     0.17       2.44 f
  gen_full_adders[6].FA/Cout (fullAdder_26)               0.00       2.44 f
  gen_full_adders[7].FA/Cin (fullAdder_25)                0.00       2.44 f
  gen_full_adders[7].FA/U2/Q (AO22X1)                     0.17       2.62 f
  gen_full_adders[7].FA/Cout (fullAdder_25)               0.00       2.62 f
  gen_full_adders[8].FA/Cin (fullAdder_24)                0.00       2.62 f
  gen_full_adders[8].FA/U2/Q (AO22X1)                     0.17       2.79 f
  gen_full_adders[8].FA/Cout (fullAdder_24)               0.00       2.79 f
  gen_full_adders[9].FA/Cin (fullAdder_23)                0.00       2.79 f
  gen_full_adders[9].FA/U2/Q (AO22X1)                     0.17       2.97 f
  gen_full_adders[9].FA/Cout (fullAdder_23)               0.00       2.97 f
  gen_full_adders[10].FA/Cin (fullAdder_22)               0.00       2.97 f
  gen_full_adders[10].FA/U2/Q (AO22X1)                    0.17       3.14 f
  gen_full_adders[10].FA/Cout (fullAdder_22)              0.00       3.14 f
  gen_full_adders[11].FA/Cin (fullAdder_21)               0.00       3.14 f
  gen_full_adders[11].FA/U2/Q (AO22X1)                    0.17       3.31 f
  gen_full_adders[11].FA/Cout (fullAdder_21)              0.00       3.31 f
  gen_full_adders[12].FA/Cin (fullAdder_20)               0.00       3.31 f
  gen_full_adders[12].FA/U2/Q (AO22X1)                    0.17       3.49 f
  gen_full_adders[12].FA/Cout (fullAdder_20)              0.00       3.49 f
  gen_full_adders[13].FA/Cin (fullAdder_19)               0.00       3.49 f
  gen_full_adders[13].FA/U2/Q (AO22X1)                    0.17       3.66 f
  gen_full_adders[13].FA/Cout (fullAdder_19)              0.00       3.66 f
  gen_full_adders[14].FA/Cin (fullAdder_18)               0.00       3.66 f
  gen_full_adders[14].FA/U2/Q (AO22X1)                    0.17       3.84 f
  gen_full_adders[14].FA/Cout (fullAdder_18)              0.00       3.84 f
  gen_full_adders[15].FA/Cin (fullAdder_17)               0.00       3.84 f
  gen_full_adders[15].FA/U2/Q (AO22X1)                    0.17       4.01 f
  gen_full_adders[15].FA/Cout (fullAdder_17)              0.00       4.01 f
  gen_full_adders[16].FA/Cin (fullAdder_16)               0.00       4.01 f
  gen_full_adders[16].FA/U2/Q (AO22X1)                    0.17       4.18 f
  gen_full_adders[16].FA/Cout (fullAdder_16)              0.00       4.18 f
  gen_full_adders[17].FA/Cin (fullAdder_15)               0.00       4.18 f
  gen_full_adders[17].FA/U2/Q (AO22X1)                    0.17       4.36 f
  gen_full_adders[17].FA/Cout (fullAdder_15)              0.00       4.36 f
  gen_full_adders[18].FA/Cin (fullAdder_14)               0.00       4.36 f
  gen_full_adders[18].FA/U2/Q (AO22X1)                    0.17       4.53 f
  gen_full_adders[18].FA/Cout (fullAdder_14)              0.00       4.53 f
  gen_full_adders[19].FA/Cin (fullAdder_13)               0.00       4.53 f
  gen_full_adders[19].FA/U2/Q (AO22X1)                    0.17       4.71 f
  gen_full_adders[19].FA/Cout (fullAdder_13)              0.00       4.71 f
  gen_full_adders[20].FA/Cin (fullAdder_12)               0.00       4.71 f
  gen_full_adders[20].FA/U2/Q (AO22X1)                    0.17       4.88 f
  gen_full_adders[20].FA/Cout (fullAdder_12)              0.00       4.88 f
  gen_full_adders[21].FA/Cin (fullAdder_11)               0.00       4.88 f
  gen_full_adders[21].FA/U2/Q (AO22X1)                    0.17       5.05 f
  gen_full_adders[21].FA/Cout (fullAdder_11)              0.00       5.05 f
  gen_full_adders[22].FA/Cin (fullAdder_10)               0.00       5.05 f
  gen_full_adders[22].FA/U2/Q (AO22X1)                    0.17       5.23 f
  gen_full_adders[22].FA/Cout (fullAdder_10)              0.00       5.23 f
  gen_full_adders[23].FA/Cin (fullAdder_9)                0.00       5.23 f
  gen_full_adders[23].FA/U2/Q (AO22X1)                    0.17       5.40 f
  gen_full_adders[23].FA/Cout (fullAdder_9)               0.00       5.40 f
  gen_full_adders[24].FA/Cin (fullAdder_8)                0.00       5.40 f
  gen_full_adders[24].FA/U2/Q (AO22X1)                    0.17       5.58 f
  gen_full_adders[24].FA/Cout (fullAdder_8)               0.00       5.58 f
  gen_full_adders[25].FA/Cin (fullAdder_7)                0.00       5.58 f
  gen_full_adders[25].FA/U2/Q (AO22X1)                    0.17       5.75 f
  gen_full_adders[25].FA/Cout (fullAdder_7)               0.00       5.75 f
  gen_full_adders[26].FA/Cin (fullAdder_6)                0.00       5.75 f
  gen_full_adders[26].FA/U2/Q (AO22X1)                    0.17       5.92 f
  gen_full_adders[26].FA/Cout (fullAdder_6)               0.00       5.92 f
  gen_full_adders[27].FA/Cin (fullAdder_5)                0.00       5.92 f
  gen_full_adders[27].FA/U2/Q (AO22X1)                    0.17       6.10 f
  gen_full_adders[27].FA/Cout (fullAdder_5)               0.00       6.10 f
  gen_full_adders[28].FA/Cin (fullAdder_4)                0.00       6.10 f
  gen_full_adders[28].FA/U2/Q (AO22X1)                    0.17       6.27 f
  gen_full_adders[28].FA/Cout (fullAdder_4)               0.00       6.27 f
  gen_full_adders[29].FA/Cin (fullAdder_3)                0.00       6.27 f
  gen_full_adders[29].FA/U2/Q (AO22X1)                    0.17       6.45 f
  gen_full_adders[29].FA/Cout (fullAdder_3)               0.00       6.45 f
  gen_full_adders[30].FA/Cin (fullAdder_2)                0.00       6.45 f
  gen_full_adders[30].FA/U2/Q (AO22X1)                    0.17       6.62 f
  gen_full_adders[30].FA/Cout (fullAdder_2)               0.00       6.62 f
  gen_full_adders[31].FA/Cin (fullAdder_1)                0.00       6.62 f
  gen_full_adders[31].FA/U1/Q (XOR2X1)                    0.25       6.87 f
  gen_full_adders[31].FA/Sum (fullAdder_1)                0.00       6.87 f
  U6/Q (XNOR2X1)                                          0.25       7.11 f
  U4/QN (NOR2X0)                                          0.16       7.27 r
  overFlow (out)                                          0.22       7.49 r
  data arrival time                                                  7.49
  --------------------------------------------------------------------------
  (Path is unconstrained)


  Startpoint: B[0] (input port)
  Endpoint: S[31] (output port)
  Path Group: (none)
  Path Type: max

  Des/Clust/Port     Wire Load Model       Library
  ------------------------------------------------
  rippleCarryAdder   8000                  saed90nm_typ_ht
  fullAdder_0        ForQA                 saed90nm_typ_ht

  Point                                                   Incr       Path
  --------------------------------------------------------------------------
  input external delay                                    1.00       1.00 r
  B[0] (in)                                               0.00       1.00 r
  gen_full_adders[0].FA/B (fullAdder_0)                   0.00       1.00 r
  gen_full_adders[0].FA/U3/Q (XOR2X1)                     0.22       1.22 f
  gen_full_adders[0].FA/U2/Q (AO22X1)                     0.18       1.40 f
  gen_full_adders[0].FA/Cout (fullAdder_0)                0.00       1.40 f
  gen_full_adders[1].FA/Cin (fullAdder_31)                0.00       1.40 f
  gen_full_adders[1].FA/U2/Q (AO22X1)                     0.17       1.57 f
  gen_full_adders[1].FA/Cout (fullAdder_31)               0.00       1.57 f
  gen_full_adders[2].FA/Cin (fullAdder_30)                0.00       1.57 f
  gen_full_adders[2].FA/U2/Q (AO22X1)                     0.17       1.75 f
  gen_full_adders[2].FA/Cout (fullAdder_30)               0.00       1.75 f
  gen_full_adders[3].FA/Cin (fullAdder_29)                0.00       1.75 f
  gen_full_adders[3].FA/U2/Q (AO22X1)                     0.17       1.92 f
  gen_full_adders[3].FA/Cout (fullAdder_29)               0.00       1.92 f
  gen_full_adders[4].FA/Cin (fullAdder_28)                0.00       1.92 f
  gen_full_adders[4].FA/U2/Q (AO22X1)                     0.17       2.10 f
  gen_full_adders[4].FA/Cout (fullAdder_28)               0.00       2.10 f
  gen_full_adders[5].FA/Cin (fullAdder_27)                0.00       2.10 f
  gen_full_adders[5].FA/U2/Q (AO22X1)                     0.17       2.27 f
  gen_full_adders[5].FA/Cout (fullAdder_27)               0.00       2.27 f
  gen_full_adders[6].FA/Cin (fullAdder_26)                0.00       2.27 f
  gen_full_adders[6].FA/U2/Q (AO22X1)                     0.17       2.44 f
  gen_full_adders[6].FA/Cout (fullAdder_26)               0.00       2.44 f
  gen_full_adders[7].FA/Cin (fullAdder_25)                0.00       2.44 f
  gen_full_adders[7].FA/U2/Q (AO22X1)                     0.17       2.62 f
  gen_full_adders[7].FA/Cout (fullAdder_25)               0.00       2.62 f
  gen_full_adders[8].FA/Cin (fullAdder_24)                0.00       2.62 f
  gen_full_adders[8].FA/U2/Q (AO22X1)                     0.17       2.79 f
  gen_full_adders[8].FA/Cout (fullAdder_24)               0.00       2.79 f
  gen_full_adders[9].FA/Cin (fullAdder_23)                0.00       2.79 f
  gen_full_adders[9].FA/U2/Q (AO22X1)                     0.17       2.97 f
  gen_full_adders[9].FA/Cout (fullAdder_23)               0.00       2.97 f
  gen_full_adders[10].FA/Cin (fullAdder_22)               0.00       2.97 f
  gen_full_adders[10].FA/U2/Q (AO22X1)                    0.17       3.14 f
  gen_full_adders[10].FA/Cout (fullAdder_22)              0.00       3.14 f
  gen_full_adders[11].FA/Cin (fullAdder_21)               0.00       3.14 f
  gen_full_adders[11].FA/U2/Q (AO22X1)                    0.17       3.31 f
  gen_full_adders[11].FA/Cout (fullAdder_21)              0.00       3.31 f
  gen_full_adders[12].FA/Cin (fullAdder_20)               0.00       3.31 f
  gen_full_adders[12].FA/U2/Q (AO22X1)                    0.17       3.49 f
  gen_full_adders[12].FA/Cout (fullAdder_20)              0.00       3.49 f
  gen_full_adders[13].FA/Cin (fullAdder_19)               0.00       3.49 f
  gen_full_adders[13].FA/U2/Q (AO22X1)                    0.17       3.66 f
  gen_full_adders[13].FA/Cout (fullAdder_19)              0.00       3.66 f
  gen_full_adders[14].FA/Cin (fullAdder_18)               0.00       3.66 f
  gen_full_adders[14].FA/U2/Q (AO22X1)                    0.17       3.84 f
  gen_full_adders[14].FA/Cout (fullAdder_18)              0.00       3.84 f
  gen_full_adders[15].FA/Cin (fullAdder_17)               0.00       3.84 f
  gen_full_adders[15].FA/U2/Q (AO22X1)                    0.17       4.01 f
  gen_full_adders[15].FA/Cout (fullAdder_17)              0.00       4.01 f
  gen_full_adders[16].FA/Cin (fullAdder_16)               0.00       4.01 f
  gen_full_adders[16].FA/U2/Q (AO22X1)                    0.17       4.18 f
  gen_full_adders[16].FA/Cout (fullAdder_16)              0.00       4.18 f
  gen_full_adders[17].FA/Cin (fullAdder_15)               0.00       4.18 f
  gen_full_adders[17].FA/U2/Q (AO22X1)                    0.17       4.36 f
  gen_full_adders[17].FA/Cout (fullAdder_15)              0.00       4.36 f
  gen_full_adders[18].FA/Cin (fullAdder_14)               0.00       4.36 f
  gen_full_adders[18].FA/U2/Q (AO22X1)                    0.17       4.53 f
  gen_full_adders[18].FA/Cout (fullAdder_14)              0.00       4.53 f
  gen_full_adders[19].FA/Cin (fullAdder_13)               0.00       4.53 f
  gen_full_adders[19].FA/U2/Q (AO22X1)                    0.17       4.71 f
  gen_full_adders[19].FA/Cout (fullAdder_13)              0.00       4.71 f
  gen_full_adders[20].FA/Cin (fullAdder_12)               0.00       4.71 f
  gen_full_adders[20].FA/U2/Q (AO22X1)                    0.17       4.88 f
  gen_full_adders[20].FA/Cout (fullAdder_12)              0.00       4.88 f
  gen_full_adders[21].FA/Cin (fullAdder_11)               0.00       4.88 f
  gen_full_adders[21].FA/U2/Q (AO22X1)                    0.17       5.05 f
  gen_full_adders[21].FA/Cout (fullAdder_11)              0.00       5.05 f
  gen_full_adders[22].FA/Cin (fullAdder_10)               0.00       5.05 f
  gen_full_adders[22].FA/U2/Q (AO22X1)                    0.17       5.23 f
  gen_full_adders[22].FA/Cout (fullAdder_10)              0.00       5.23 f
  gen_full_adders[23].FA/Cin (fullAdder_9)                0.00       5.23 f
  gen_full_adders[23].FA/U2/Q (AO22X1)                    0.17       5.40 f
  gen_full_adders[23].FA/Cout (fullAdder_9)               0.00       5.40 f
  gen_full_adders[24].FA/Cin (fullAdder_8)                0.00       5.40 f
  gen_full_adders[24].FA/U2/Q (AO22X1)                    0.17       5.58 f
  gen_full_adders[24].FA/Cout (fullAdder_8)               0.00       5.58 f
  gen_full_adders[25].FA/Cin (fullAdder_7)                0.00       5.58 f
  gen_full_adders[25].FA/U2/Q (AO22X1)                    0.17       5.75 f
  gen_full_adders[25].FA/Cout (fullAdder_7)               0.00       5.75 f
  gen_full_adders[26].FA/Cin (fullAdder_6)                0.00       5.75 f
  gen_full_adders[26].FA/U2/Q (AO22X1)                    0.17       5.92 f
  gen_full_adders[26].FA/Cout (fullAdder_6)               0.00       5.92 f
  gen_full_adders[27].FA/Cin (fullAdder_5)                0.00       5.92 f
  gen_full_adders[27].FA/U2/Q (AO22X1)                    0.17       6.10 f
  gen_full_adders[27].FA/Cout (fullAdder_5)               0.00       6.10 f
  gen_full_adders[28].FA/Cin (fullAdder_4)                0.00       6.10 f
  gen_full_adders[28].FA/U2/Q (AO22X1)                    0.17       6.27 f
  gen_full_adders[28].FA/Cout (fullAdder_4)               0.00       6.27 f
  gen_full_adders[29].FA/Cin (fullAdder_3)                0.00       6.27 f
  gen_full_adders[29].FA/U2/Q (AO22X1)                    0.17       6.45 f
  gen_full_adders[29].FA/Cout (fullAdder_3)               0.00       6.45 f
  gen_full_adders[30].FA/Cin (fullAdder_2)                0.00       6.45 f
  gen_full_adders[30].FA/U2/Q (AO22X1)                    0.17       6.62 f
  gen_full_adders[30].FA/Cout (fullAdder_2)               0.00       6.62 f
  gen_full_adders[31].FA/Cin (fullAdder_1)                0.00       6.62 f
  gen_full_adders[31].FA/U1/Q (XOR2X1)                    0.25       6.87 f
  gen_full_adders[31].FA/Sum (fullAdder_1)                0.00       6.87 f
  S[31] (out)                                             0.25       7.12 f
  data arrival time                                                  7.12
  --------------------------------------------------------------------------
  (Path is unconstrained)


  Startpoint: B[0] (input port)
  Endpoint: Cout (output port)
  Path Group: (none)
  Path Type: max

  Des/Clust/Port     Wire Load Model       Library
  ------------------------------------------------
  rippleCarryAdder   8000                  saed90nm_typ_ht
  fullAdder_0        ForQA                 saed90nm_typ_ht

  Point                                                   Incr       Path
  --------------------------------------------------------------------------
  input external delay                                    1.00       1.00 r
  B[0] (in)                                               0.00       1.00 r
  gen_full_adders[0].FA/B (fullAdder_0)                   0.00       1.00 r
  gen_full_adders[0].FA/U3/Q (XOR2X1)                     0.22       1.22 f
  gen_full_adders[0].FA/U2/Q (AO22X1)                     0.18       1.40 f
  gen_full_adders[0].FA/Cout (fullAdder_0)                0.00       1.40 f
  gen_full_adders[1].FA/Cin (fullAdder_31)                0.00       1.40 f
  gen_full_adders[1].FA/U2/Q (AO22X1)                     0.17       1.57 f
  gen_full_adders[1].FA/Cout (fullAdder_31)               0.00       1.57 f
  gen_full_adders[2].FA/Cin (fullAdder_30)                0.00       1.57 f
  gen_full_adders[2].FA/U2/Q (AO22X1)                     0.17       1.75 f
  gen_full_adders[2].FA/Cout (fullAdder_30)               0.00       1.75 f
  gen_full_adders[3].FA/Cin (fullAdder_29)                0.00       1.75 f
  gen_full_adders[3].FA/U2/Q (AO22X1)                     0.17       1.92 f
  gen_full_adders[3].FA/Cout (fullAdder_29)               0.00       1.92 f
  gen_full_adders[4].FA/Cin (fullAdder_28)                0.00       1.92 f
  gen_full_adders[4].FA/U2/Q (AO22X1)                     0.17       2.10 f
  gen_full_adders[4].FA/Cout (fullAdder_28)               0.00       2.10 f
  gen_full_adders[5].FA/Cin (fullAdder_27)                0.00       2.10 f
  gen_full_adders[5].FA/U2/Q (AO22X1)                     0.17       2.27 f
  gen_full_adders[5].FA/Cout (fullAdder_27)               0.00       2.27 f
  gen_full_adders[6].FA/Cin (fullAdder_26)                0.00       2.27 f
  gen_full_adders[6].FA/U2/Q (AO22X1)                     0.17       2.44 f
  gen_full_adders[6].FA/Cout (fullAdder_26)               0.00       2.44 f
  gen_full_adders[7].FA/Cin (fullAdder_25)                0.00       2.44 f
  gen_full_adders[7].FA/U2/Q (AO22X1)                     0.17       2.62 f
  gen_full_adders[7].FA/Cout (fullAdder_25)               0.00       2.62 f
  gen_full_adders[8].FA/Cin (fullAdder_24)                0.00       2.62 f
  gen_full_adders[8].FA/U2/Q (AO22X1)                     0.17       2.79 f
  gen_full_adders[8].FA/Cout (fullAdder_24)               0.00       2.79 f
  gen_full_adders[9].FA/Cin (fullAdder_23)                0.00       2.79 f
  gen_full_adders[9].FA/U2/Q (AO22X1)                     0.17       2.97 f
  gen_full_adders[9].FA/Cout (fullAdder_23)               0.00       2.97 f
  gen_full_adders[10].FA/Cin (fullAdder_22)               0.00       2.97 f
  gen_full_adders[10].FA/U2/Q (AO22X1)                    0.17       3.14 f
  gen_full_adders[10].FA/Cout (fullAdder_22)              0.00       3.14 f
  gen_full_adders[11].FA/Cin (fullAdder_21)               0.00       3.14 f
  gen_full_adders[11].FA/U2/Q (AO22X1)                    0.17       3.31 f
  gen_full_adders[11].FA/Cout (fullAdder_21)              0.00       3.31 f
  gen_full_adders[12].FA/Cin (fullAdder_20)               0.00       3.31 f
  gen_full_adders[12].FA/U2/Q (AO22X1)                    0.17       3.49 f
  gen_full_adders[12].FA/Cout (fullAdder_20)              0.00       3.49 f
  gen_full_adders[13].FA/Cin (fullAdder_19)               0.00       3.49 f
  gen_full_adders[13].FA/U2/Q (AO22X1)                    0.17       3.66 f
  gen_full_adders[13].FA/Cout (fullAdder_19)              0.00       3.66 f
  gen_full_adders[14].FA/Cin (fullAdder_18)               0.00       3.66 f
  gen_full_adders[14].FA/U2/Q (AO22X1)                    0.17       3.84 f
  gen_full_adders[14].FA/Cout (fullAdder_18)              0.00       3.84 f
  gen_full_adders[15].FA/Cin (fullAdder_17)               0.00       3.84 f
  gen_full_adders[15].FA/U2/Q (AO22X1)                    0.17       4.01 f
  gen_full_adders[15].FA/Cout (fullAdder_17)              0.00       4.01 f
  gen_full_adders[16].FA/Cin (fullAdder_16)               0.00       4.01 f
  gen_full_adders[16].FA/U2/Q (AO22X1)                    0.17       4.18 f
  gen_full_adders[16].FA/Cout (fullAdder_16)              0.00       4.18 f
  gen_full_adders[17].FA/Cin (fullAdder_15)               0.00       4.18 f
  gen_full_adders[17].FA/U2/Q (AO22X1)                    0.17       4.36 f
  gen_full_adders[17].FA/Cout (fullAdder_15)              0.00       4.36 f
  gen_full_adders[18].FA/Cin (fullAdder_14)               0.00       4.36 f
  gen_full_adders[18].FA/U2/Q (AO22X1)                    0.17       4.53 f
  gen_full_adders[18].FA/Cout (fullAdder_14)              0.00       4.53 f
  gen_full_adders[19].FA/Cin (fullAdder_13)               0.00       4.53 f
  gen_full_adders[19].FA/U2/Q (AO22X1)                    0.17       4.71 f
  gen_full_adders[19].FA/Cout (fullAdder_13)              0.00       4.71 f
  gen_full_adders[20].FA/Cin (fullAdder_12)               0.00       4.71 f
  gen_full_adders[20].FA/U2/Q (AO22X1)                    0.17       4.88 f
  gen_full_adders[20].FA/Cout (fullAdder_12)              0.00       4.88 f
  gen_full_adders[21].FA/Cin (fullAdder_11)               0.00       4.88 f
  gen_full_adders[21].FA/U2/Q (AO22X1)                    0.17       5.05 f
  gen_full_adders[21].FA/Cout (fullAdder_11)              0.00       5.05 f
  gen_full_adders[22].FA/Cin (fullAdder_10)               0.00       5.05 f
  gen_full_adders[22].FA/U2/Q (AO22X1)                    0.17       5.23 f
  gen_full_adders[22].FA/Cout (fullAdder_10)              0.00       5.23 f
  gen_full_adders[23].FA/Cin (fullAdder_9)                0.00       5.23 f
  gen_full_adders[23].FA/U2/Q (AO22X1)                    0.17       5.40 f
  gen_full_adders[23].FA/Cout (fullAdder_9)               0.00       5.40 f
  gen_full_adders[24].FA/Cin (fullAdder_8)                0.00       5.40 f
  gen_full_adders[24].FA/U2/Q (AO22X1)                    0.17       5.58 f
  gen_full_adders[24].FA/Cout (fullAdder_8)               0.00       5.58 f
  gen_full_adders[25].FA/Cin (fullAdder_7)                0.00       5.58 f
  gen_full_adders[25].FA/U2/Q (AO22X1)                    0.17       5.75 f
  gen_full_adders[25].FA/Cout (fullAdder_7)               0.00       5.75 f
  gen_full_adders[26].FA/Cin (fullAdder_6)                0.00       5.75 f
  gen_full_adders[26].FA/U2/Q (AO22X1)                    0.17       5.92 f
  gen_full_adders[26].FA/Cout (fullAdder_6)               0.00       5.92 f
  gen_full_adders[27].FA/Cin (fullAdder_5)                0.00       5.92 f
  gen_full_adders[27].FA/U2/Q (AO22X1)                    0.17       6.10 f
  gen_full_adders[27].FA/Cout (fullAdder_5)               0.00       6.10 f
  gen_full_adders[28].FA/Cin (fullAdder_4)                0.00       6.10 f
  gen_full_adders[28].FA/U2/Q (AO22X1)                    0.17       6.27 f
  gen_full_adders[28].FA/Cout (fullAdder_4)               0.00       6.27 f
  gen_full_adders[29].FA/Cin (fullAdder_3)                0.00       6.27 f
  gen_full_adders[29].FA/U2/Q (AO22X1)                    0.17       6.45 f
  gen_full_adders[29].FA/Cout (fullAdder_3)               0.00       6.45 f
  gen_full_adders[30].FA/Cin (fullAdder_2)                0.00       6.45 f
  gen_full_adders[30].FA/U2/Q (AO22X1)                    0.17       6.62 f
  gen_full_adders[30].FA/Cout (fullAdder_2)               0.00       6.62 f
  gen_full_adders[31].FA/Cin (fullAdder_1)                0.00       6.62 f
  gen_full_adders[31].FA/U2/Q (AO22X1)                    0.19       6.81 f
  gen_full_adders[31].FA/Cout (fullAdder_1)               0.00       6.81 f
  Cout (out)                                              0.22       7.03 f
  data arrival time                                                  7.03
  --------------------------------------------------------------------------
  (Path is unconstrained)


  Startpoint: B[0] (input port)
  Endpoint: S[30] (output port)
  Path Group: (none)
  Path Type: max

  Des/Clust/Port     Wire Load Model       Library
  ------------------------------------------------
  rippleCarryAdder   8000                  saed90nm_typ_ht
  fullAdder_0        ForQA                 saed90nm_typ_ht

  Point                                                   Incr       Path
  --------------------------------------------------------------------------
  input external delay                                    1.00       1.00 r
  B[0] (in)                                               0.00       1.00 r
  gen_full_adders[0].FA/B (fullAdder_0)                   0.00       1.00 r
  gen_full_adders[0].FA/U3/Q (XOR2X1)                     0.22       1.22 f
  gen_full_adders[0].FA/U2/Q (AO22X1)                     0.18       1.40 f
  gen_full_adders[0].FA/Cout (fullAdder_0)                0.00       1.40 f
  gen_full_adders[1].FA/Cin (fullAdder_31)                0.00       1.40 f
  gen_full_adders[1].FA/U2/Q (AO22X1)                     0.17       1.57 f
  gen_full_adders[1].FA/Cout (fullAdder_31)               0.00       1.57 f
  gen_full_adders[2].FA/Cin (fullAdder_30)                0.00       1.57 f
  gen_full_adders[2].FA/U2/Q (AO22X1)                     0.17       1.75 f
  gen_full_adders[2].FA/Cout (fullAdder_30)               0.00       1.75 f
  gen_full_adders[3].FA/Cin (fullAdder_29)                0.00       1.75 f
  gen_full_adders[3].FA/U2/Q (AO22X1)                     0.17       1.92 f
  gen_full_adders[3].FA/Cout (fullAdder_29)               0.00       1.92 f
  gen_full_adders[4].FA/Cin (fullAdder_28)                0.00       1.92 f
  gen_full_adders[4].FA/U2/Q (AO22X1)                     0.17       2.10 f
  gen_full_adders[4].FA/Cout (fullAdder_28)               0.00       2.10 f
  gen_full_adders[5].FA/Cin (fullAdder_27)                0.00       2.10 f
  gen_full_adders[5].FA/U2/Q (AO22X1)                     0.17       2.27 f
  gen_full_adders[5].FA/Cout (fullAdder_27)               0.00       2.27 f
  gen_full_adders[6].FA/Cin (fullAdder_26)                0.00       2.27 f
  gen_full_adders[6].FA/U2/Q (AO22X1)                     0.17       2.44 f
  gen_full_adders[6].FA/Cout (fullAdder_26)               0.00       2.44 f
  gen_full_adders[7].FA/Cin (fullAdder_25)                0.00       2.44 f
  gen_full_adders[7].FA/U2/Q (AO22X1)                     0.17       2.62 f
  gen_full_adders[7].FA/Cout (fullAdder_25)               0.00       2.62 f
  gen_full_adders[8].FA/Cin (fullAdder_24)                0.00       2.62 f
  gen_full_adders[8].FA/U2/Q (AO22X1)                     0.17       2.79 f
  gen_full_adders[8].FA/Cout (fullAdder_24)               0.00       2.79 f
  gen_full_adders[9].FA/Cin (fullAdder_23)                0.00       2.79 f
  gen_full_adders[9].FA/U2/Q (AO22X1)                     0.17       2.97 f
  gen_full_adders[9].FA/Cout (fullAdder_23)               0.00       2.97 f
  gen_full_adders[10].FA/Cin (fullAdder_22)               0.00       2.97 f
  gen_full_adders[10].FA/U2/Q (AO22X1)                    0.17       3.14 f
  gen_full_adders[10].FA/Cout (fullAdder_22)              0.00       3.14 f
  gen_full_adders[11].FA/Cin (fullAdder_21)               0.00       3.14 f
  gen_full_adders[11].FA/U2/Q (AO22X1)                    0.17       3.31 f
  gen_full_adders[11].FA/Cout (fullAdder_21)              0.00       3.31 f
  gen_full_adders[12].FA/Cin (fullAdder_20)               0.00       3.31 f
  gen_full_adders[12].FA/U2/Q (AO22X1)                    0.17       3.49 f
  gen_full_adders[12].FA/Cout (fullAdder_20)              0.00       3.49 f
  gen_full_adders[13].FA/Cin (fullAdder_19)               0.00       3.49 f
  gen_full_adders[13].FA/U2/Q (AO22X1)                    0.17       3.66 f
  gen_full_adders[13].FA/Cout (fullAdder_19)              0.00       3.66 f
  gen_full_adders[14].FA/Cin (fullAdder_18)               0.00       3.66 f
  gen_full_adders[14].FA/U2/Q (AO22X1)                    0.17       3.84 f
  gen_full_adders[14].FA/Cout (fullAdder_18)              0.00       3.84 f
  gen_full_adders[15].FA/Cin (fullAdder_17)               0.00       3.84 f
  gen_full_adders[15].FA/U2/Q (AO22X1)                    0.17       4.01 f
  gen_full_adders[15].FA/Cout (fullAdder_17)              0.00       4.01 f
  gen_full_adders[16].FA/Cin (fullAdder_16)               0.00       4.01 f
  gen_full_adders[16].FA/U2/Q (AO22X1)                    0.17       4.18 f
  gen_full_adders[16].FA/Cout (fullAdder_16)              0.00       4.18 f
  gen_full_adders[17].FA/Cin (fullAdder_15)               0.00       4.18 f
  gen_full_adders[17].FA/U2/Q (AO22X1)                    0.17       4.36 f
  gen_full_adders[17].FA/Cout (fullAdder_15)              0.00       4.36 f
  gen_full_adders[18].FA/Cin (fullAdder_14)               0.00       4.36 f
  gen_full_adders[18].FA/U2/Q (AO22X1)                    0.17       4.53 f
  gen_full_adders[18].FA/Cout (fullAdder_14)              0.00       4.53 f
  gen_full_adders[19].FA/Cin (fullAdder_13)               0.00       4.53 f
  gen_full_adders[19].FA/U2/Q (AO22X1)                    0.17       4.71 f
  gen_full_adders[19].FA/Cout (fullAdder_13)              0.00       4.71 f
  gen_full_adders[20].FA/Cin (fullAdder_12)               0.00       4.71 f
  gen_full_adders[20].FA/U2/Q (AO22X1)                    0.17       4.88 f
  gen_full_adders[20].FA/Cout (fullAdder_12)              0.00       4.88 f
  gen_full_adders[21].FA/Cin (fullAdder_11)               0.00       4.88 f
  gen_full_adders[21].FA/U2/Q (AO22X1)                    0.17       5.05 f
  gen_full_adders[21].FA/Cout (fullAdder_11)              0.00       5.05 f
  gen_full_adders[22].FA/Cin (fullAdder_10)               0.00       5.05 f
  gen_full_adders[22].FA/U2/Q (AO22X1)                    0.17       5.23 f
  gen_full_adders[22].FA/Cout (fullAdder_10)              0.00       5.23 f
  gen_full_adders[23].FA/Cin (fullAdder_9)                0.00       5.23 f
  gen_full_adders[23].FA/U2/Q (AO22X1)                    0.17       5.40 f
  gen_full_adders[23].FA/Cout (fullAdder_9)               0.00       5.40 f
  gen_full_adders[24].FA/Cin (fullAdder_8)                0.00       5.40 f
  gen_full_adders[24].FA/U2/Q (AO22X1)                    0.17       5.58 f
  gen_full_adders[24].FA/Cout (fullAdder_8)               0.00       5.58 f
  gen_full_adders[25].FA/Cin (fullAdder_7)                0.00       5.58 f
  gen_full_adders[25].FA/U2/Q (AO22X1)                    0.17       5.75 f
  gen_full_adders[25].FA/Cout (fullAdder_7)               0.00       5.75 f
  gen_full_adders[26].FA/Cin (fullAdder_6)                0.00       5.75 f
  gen_full_adders[26].FA/U2/Q (AO22X1)                    0.17       5.92 f
  gen_full_adders[26].FA/Cout (fullAdder_6)               0.00       5.92 f
  gen_full_adders[27].FA/Cin (fullAdder_5)                0.00       5.92 f
  gen_full_adders[27].FA/U2/Q (AO22X1)                    0.17       6.10 f
  gen_full_adders[27].FA/Cout (fullAdder_5)               0.00       6.10 f
  gen_full_adders[28].FA/Cin (fullAdder_4)                0.00       6.10 f
  gen_full_adders[28].FA/U2/Q (AO22X1)                    0.17       6.27 f
  gen_full_adders[28].FA/Cout (fullAdder_4)               0.00       6.27 f
  gen_full_adders[29].FA/Cin (fullAdder_3)                0.00       6.27 f
  gen_full_adders[29].FA/U2/Q (AO22X1)                    0.17       6.45 f
  gen_full_adders[29].FA/Cout (fullAdder_3)               0.00       6.45 f
  gen_full_adders[30].FA/Cin (fullAdder_2)                0.00       6.45 f
  gen_full_adders[30].FA/U1/Q (XOR2X1)                    0.24       6.69 f
  gen_full_adders[30].FA/Sum (fullAdder_2)                0.00       6.69 f
  S[30] (out)                                             0.22       6.90 f
  data arrival time                                                  6.90
  --------------------------------------------------------------------------
  (Path is unconstrained)


  Startpoint: B[0] (input port)
  Endpoint: S[29] (output port)
  Path Group: (none)
  Path Type: max

  Des/Clust/Port     Wire Load Model       Library
  ------------------------------------------------
  rippleCarryAdder   8000                  saed90nm_typ_ht
  fullAdder_0        ForQA                 saed90nm_typ_ht

  Point                                                   Incr       Path
  --------------------------------------------------------------------------
  input external delay                                    1.00       1.00 r
  B[0] (in)                                               0.00       1.00 r
  gen_full_adders[0].FA/B (fullAdder_0)                   0.00       1.00 r
  gen_full_adders[0].FA/U3/Q (XOR2X1)                     0.22       1.22 f
  gen_full_adders[0].FA/U2/Q (AO22X1)                     0.18       1.40 f
  gen_full_adders[0].FA/Cout (fullAdder_0)                0.00       1.40 f
  gen_full_adders[1].FA/Cin (fullAdder_31)                0.00       1.40 f
  gen_full_adders[1].FA/U2/Q (AO22X1)                     0.17       1.57 f
  gen_full_adders[1].FA/Cout (fullAdder_31)               0.00       1.57 f
  gen_full_adders[2].FA/Cin (fullAdder_30)                0.00       1.57 f
  gen_full_adders[2].FA/U2/Q (AO22X1)                     0.17       1.75 f
  gen_full_adders[2].FA/Cout (fullAdder_30)               0.00       1.75 f
  gen_full_adders[3].FA/Cin (fullAdder_29)                0.00       1.75 f
  gen_full_adders[3].FA/U2/Q (AO22X1)                     0.17       1.92 f
  gen_full_adders[3].FA/Cout (fullAdder_29)               0.00       1.92 f
  gen_full_adders[4].FA/Cin (fullAdder_28)                0.00       1.92 f
  gen_full_adders[4].FA/U2/Q (AO22X1)                     0.17       2.10 f
  gen_full_adders[4].FA/Cout (fullAdder_28)               0.00       2.10 f
  gen_full_adders[5].FA/Cin (fullAdder_27)                0.00       2.10 f
  gen_full_adders[5].FA/U2/Q (AO22X1)                     0.17       2.27 f
  gen_full_adders[5].FA/Cout (fullAdder_27)               0.00       2.27 f
  gen_full_adders[6].FA/Cin (fullAdder_26)                0.00       2.27 f
  gen_full_adders[6].FA/U2/Q (AO22X1)                     0.17       2.44 f
  gen_full_adders[6].FA/Cout (fullAdder_26)               0.00       2.44 f
  gen_full_adders[7].FA/Cin (fullAdder_25)                0.00       2.44 f
  gen_full_adders[7].FA/U2/Q (AO22X1)                     0.17       2.62 f
  gen_full_adders[7].FA/Cout (fullAdder_25)               0.00       2.62 f
  gen_full_adders[8].FA/Cin (fullAdder_24)                0.00       2.62 f
  gen_full_adders[8].FA/U2/Q (AO22X1)                     0.17       2.79 f
  gen_full_adders[8].FA/Cout (fullAdder_24)               0.00       2.79 f
  gen_full_adders[9].FA/Cin (fullAdder_23)                0.00       2.79 f
  gen_full_adders[9].FA/U2/Q (AO22X1)                     0.17       2.97 f
  gen_full_adders[9].FA/Cout (fullAdder_23)               0.00       2.97 f
  gen_full_adders[10].FA/Cin (fullAdder_22)               0.00       2.97 f
  gen_full_adders[10].FA/U2/Q (AO22X1)                    0.17       3.14 f
  gen_full_adders[10].FA/Cout (fullAdder_22)              0.00       3.14 f
  gen_full_adders[11].FA/Cin (fullAdder_21)               0.00       3.14 f
  gen_full_adders[11].FA/U2/Q (AO22X1)                    0.17       3.31 f
  gen_full_adders[11].FA/Cout (fullAdder_21)              0.00       3.31 f
  gen_full_adders[12].FA/Cin (fullAdder_20)               0.00       3.31 f
  gen_full_adders[12].FA/U2/Q (AO22X1)                    0.17       3.49 f
  gen_full_adders[12].FA/Cout (fullAdder_20)              0.00       3.49 f
  gen_full_adders[13].FA/Cin (fullAdder_19)               0.00       3.49 f
  gen_full_adders[13].FA/U2/Q (AO22X1)                    0.17       3.66 f
  gen_full_adders[13].FA/Cout (fullAdder_19)              0.00       3.66 f
  gen_full_adders[14].FA/Cin (fullAdder_18)               0.00       3.66 f
  gen_full_adders[14].FA/U2/Q (AO22X1)                    0.17       3.84 f
  gen_full_adders[14].FA/Cout (fullAdder_18)              0.00       3.84 f
  gen_full_adders[15].FA/Cin (fullAdder_17)               0.00       3.84 f
  gen_full_adders[15].FA/U2/Q (AO22X1)                    0.17       4.01 f
  gen_full_adders[15].FA/Cout (fullAdder_17)              0.00       4.01 f
  gen_full_adders[16].FA/Cin (fullAdder_16)               0.00       4.01 f
  gen_full_adders[16].FA/U2/Q (AO22X1)                    0.17       4.18 f
  gen_full_adders[16].FA/Cout (fullAdder_16)              0.00       4.18 f
  gen_full_adders[17].FA/Cin (fullAdder_15)               0.00       4.18 f
  gen_full_adders[17].FA/U2/Q (AO22X1)                    0.17       4.36 f
  gen_full_adders[17].FA/Cout (fullAdder_15)              0.00       4.36 f
  gen_full_adders[18].FA/Cin (fullAdder_14)               0.00       4.36 f
  gen_full_adders[18].FA/U2/Q (AO22X1)                    0.17       4.53 f
  gen_full_adders[18].FA/Cout (fullAdder_14)              0.00       4.53 f
  gen_full_adders[19].FA/Cin (fullAdder_13)               0.00       4.53 f
  gen_full_adders[19].FA/U2/Q (AO22X1)                    0.17       4.71 f
  gen_full_adders[19].FA/Cout (fullAdder_13)              0.00       4.71 f
  gen_full_adders[20].FA/Cin (fullAdder_12)               0.00       4.71 f
  gen_full_adders[20].FA/U2/Q (AO22X1)                    0.17       4.88 f
  gen_full_adders[20].FA/Cout (fullAdder_12)              0.00       4.88 f
  gen_full_adders[21].FA/Cin (fullAdder_11)               0.00       4.88 f
  gen_full_adders[21].FA/U2/Q (AO22X1)                    0.17       5.05 f
  gen_full_adders[21].FA/Cout (fullAdder_11)              0.00       5.05 f
  gen_full_adders[22].FA/Cin (fullAdder_10)               0.00       5.05 f
  gen_full_adders[22].FA/U2/Q (AO22X1)                    0.17       5.23 f
  gen_full_adders[22].FA/Cout (fullAdder_10)              0.00       5.23 f
  gen_full_adders[23].FA/Cin (fullAdder_9)                0.00       5.23 f
  gen_full_adders[23].FA/U2/Q (AO22X1)                    0.17       5.40 f
  gen_full_adders[23].FA/Cout (fullAdder_9)               0.00       5.40 f
  gen_full_adders[24].FA/Cin (fullAdder_8)                0.00       5.40 f
  gen_full_adders[24].FA/U2/Q (AO22X1)                    0.17       5.58 f
  gen_full_adders[24].FA/Cout (fullAdder_8)               0.00       5.58 f
  gen_full_adders[25].FA/Cin (fullAdder_7)                0.00       5.58 f
  gen_full_adders[25].FA/U2/Q (AO22X1)                    0.17       5.75 f
  gen_full_adders[25].FA/Cout (fullAdder_7)               0.00       5.75 f
  gen_full_adders[26].FA/Cin (fullAdder_6)                0.00       5.75 f
  gen_full_adders[26].FA/U2/Q (AO22X1)                    0.17       5.92 f
  gen_full_adders[26].FA/Cout (fullAdder_6)               0.00       5.92 f
  gen_full_adders[27].FA/Cin (fullAdder_5)                0.00       5.92 f
  gen_full_adders[27].FA/U2/Q (AO22X1)                    0.17       6.10 f
  gen_full_adders[27].FA/Cout (fullAdder_5)               0.00       6.10 f
  gen_full_adders[28].FA/Cin (fullAdder_4)                0.00       6.10 f
  gen_full_adders[28].FA/U2/Q (AO22X1)                    0.17       6.27 f
  gen_full_adders[28].FA/Cout (fullAdder_4)               0.00       6.27 f
  gen_full_adders[29].FA/Cin (fullAdder_3)                0.00       6.27 f
  gen_full_adders[29].FA/U1/Q (XOR2X1)                    0.24       6.51 f
  gen_full_adders[29].FA/Sum (fullAdder_3)                0.00       6.51 f
  S[29] (out)                                             0.22       6.73 f
  data arrival time                                                  6.73
  --------------------------------------------------------------------------
  (Path is unconstrained)


  Startpoint: B[0] (input port)
  Endpoint: S[28] (output port)
  Path Group: (none)
  Path Type: max

  Des/Clust/Port     Wire Load Model       Library
  ------------------------------------------------
  rippleCarryAdder   8000                  saed90nm_typ_ht
  fullAdder_0        ForQA                 saed90nm_typ_ht

  Point                                                   Incr       Path
  --------------------------------------------------------------------------
  input external delay                                    1.00       1.00 r
  B[0] (in)                                               0.00       1.00 r
  gen_full_adders[0].FA/B (fullAdder_0)                   0.00       1.00 r
  gen_full_adders[0].FA/U3/Q (XOR2X1)                     0.22       1.22 f
  gen_full_adders[0].FA/U2/Q (AO22X1)                     0.18       1.40 f
  gen_full_adders[0].FA/Cout (fullAdder_0)                0.00       1.40 f
  gen_full_adders[1].FA/Cin (fullAdder_31)                0.00       1.40 f
  gen_full_adders[1].FA/U2/Q (AO22X1)                     0.17       1.57 f
  gen_full_adders[1].FA/Cout (fullAdder_31)               0.00       1.57 f
  gen_full_adders[2].FA/Cin (fullAdder_30)                0.00       1.57 f
  gen_full_adders[2].FA/U2/Q (AO22X1)                     0.17       1.75 f
  gen_full_adders[2].FA/Cout (fullAdder_30)               0.00       1.75 f
  gen_full_adders[3].FA/Cin (fullAdder_29)                0.00       1.75 f
  gen_full_adders[3].FA/U2/Q (AO22X1)                     0.17       1.92 f
  gen_full_adders[3].FA/Cout (fullAdder_29)               0.00       1.92 f
  gen_full_adders[4].FA/Cin (fullAdder_28)                0.00       1.92 f
  gen_full_adders[4].FA/U2/Q (AO22X1)                     0.17       2.10 f
  gen_full_adders[4].FA/Cout (fullAdder_28)               0.00       2.10 f
  gen_full_adders[5].FA/Cin (fullAdder_27)                0.00       2.10 f
  gen_full_adders[5].FA/U2/Q (AO22X1)                     0.17       2.27 f
  gen_full_adders[5].FA/Cout (fullAdder_27)               0.00       2.27 f
  gen_full_adders[6].FA/Cin (fullAdder_26)                0.00       2.27 f
  gen_full_adders[6].FA/U2/Q (AO22X1)                     0.17       2.44 f
  gen_full_adders[6].FA/Cout (fullAdder_26)               0.00       2.44 f
  gen_full_adders[7].FA/Cin (fullAdder_25)                0.00       2.44 f
  gen_full_adders[7].FA/U2/Q (AO22X1)                     0.17       2.62 f
  gen_full_adders[7].FA/Cout (fullAdder_25)               0.00       2.62 f
  gen_full_adders[8].FA/Cin (fullAdder_24)                0.00       2.62 f
  gen_full_adders[8].FA/U2/Q (AO22X1)                     0.17       2.79 f
  gen_full_adders[8].FA/Cout (fullAdder_24)               0.00       2.79 f
  gen_full_adders[9].FA/Cin (fullAdder_23)                0.00       2.79 f
  gen_full_adders[9].FA/U2/Q (AO22X1)                     0.17       2.97 f
  gen_full_adders[9].FA/Cout (fullAdder_23)               0.00       2.97 f
  gen_full_adders[10].FA/Cin (fullAdder_22)               0.00       2.97 f
  gen_full_adders[10].FA/U2/Q (AO22X1)                    0.17       3.14 f
  gen_full_adders[10].FA/Cout (fullAdder_22)              0.00       3.14 f
  gen_full_adders[11].FA/Cin (fullAdder_21)               0.00       3.14 f
  gen_full_adders[11].FA/U2/Q (AO22X1)                    0.17       3.31 f
  gen_full_adders[11].FA/Cout (fullAdder_21)              0.00       3.31 f
  gen_full_adders[12].FA/Cin (fullAdder_20)               0.00       3.31 f
  gen_full_adders[12].FA/U2/Q (AO22X1)                    0.17       3.49 f
  gen_full_adders[12].FA/Cout (fullAdder_20)              0.00       3.49 f
  gen_full_adders[13].FA/Cin (fullAdder_19)               0.00       3.49 f
  gen_full_adders[13].FA/U2/Q (AO22X1)                    0.17       3.66 f
  gen_full_adders[13].FA/Cout (fullAdder_19)              0.00       3.66 f
  gen_full_adders[14].FA/Cin (fullAdder_18)               0.00       3.66 f
  gen_full_adders[14].FA/U2/Q (AO22X1)                    0.17       3.84 f
  gen_full_adders[14].FA/Cout (fullAdder_18)              0.00       3.84 f
  gen_full_adders[15].FA/Cin (fullAdder_17)               0.00       3.84 f
  gen_full_adders[15].FA/U2/Q (AO22X1)                    0.17       4.01 f
  gen_full_adders[15].FA/Cout (fullAdder_17)              0.00       4.01 f
  gen_full_adders[16].FA/Cin (fullAdder_16)               0.00       4.01 f
  gen_full_adders[16].FA/U2/Q (AO22X1)                    0.17       4.18 f
  gen_full_adders[16].FA/Cout (fullAdder_16)              0.00       4.18 f
  gen_full_adders[17].FA/Cin (fullAdder_15)               0.00       4.18 f
  gen_full_adders[17].FA/U2/Q (AO22X1)                    0.17       4.36 f
  gen_full_adders[17].FA/Cout (fullAdder_15)              0.00       4.36 f
  gen_full_adders[18].FA/Cin (fullAdder_14)               0.00       4.36 f
  gen_full_adders[18].FA/U2/Q (AO22X1)                    0.17       4.53 f
  gen_full_adders[18].FA/Cout (fullAdder_14)              0.00       4.53 f
  gen_full_adders[19].FA/Cin (fullAdder_13)               0.00       4.53 f
  gen_full_adders[19].FA/U2/Q (AO22X1)                    0.17       4.71 f
  gen_full_adders[19].FA/Cout (fullAdder_13)              0.00       4.71 f
  gen_full_adders[20].FA/Cin (fullAdder_12)               0.00       4.71 f
  gen_full_adders[20].FA/U2/Q (AO22X1)                    0.17       4.88 f
  gen_full_adders[20].FA/Cout (fullAdder_12)              0.00       4.88 f
  gen_full_adders[21].FA/Cin (fullAdder_11)               0.00       4.88 f
  gen_full_adders[21].FA/U2/Q (AO22X1)                    0.17       5.05 f
  gen_full_adders[21].FA/Cout (fullAdder_11)              0.00       5.05 f
  gen_full_adders[22].FA/Cin (fullAdder_10)               0.00       5.05 f
  gen_full_adders[22].FA/U2/Q (AO22X1)                    0.17       5.23 f
  gen_full_adders[22].FA/Cout (fullAdder_10)              0.00       5.23 f
  gen_full_adders[23].FA/Cin (fullAdder_9)                0.00       5.23 f
  gen_full_adders[23].FA/U2/Q (AO22X1)                    0.17       5.40 f
  gen_full_adders[23].FA/Cout (fullAdder_9)               0.00       5.40 f
  gen_full_adders[24].FA/Cin (fullAdder_8)                0.00       5.40 f
  gen_full_adders[24].FA/U2/Q (AO22X1)                    0.17       5.58 f
  gen_full_adders[24].FA/Cout (fullAdder_8)               0.00       5.58 f
  gen_full_adders[25].FA/Cin (fullAdder_7)                0.00       5.58 f
  gen_full_adders[25].FA/U2/Q (AO22X1)                    0.17       5.75 f
  gen_full_adders[25].FA/Cout (fullAdder_7)               0.00       5.75 f
  gen_full_adders[26].FA/Cin (fullAdder_6)                0.00       5.75 f
  gen_full_adders[26].FA/U2/Q (AO22X1)                    0.17       5.92 f
  gen_full_adders[26].FA/Cout (fullAdder_6)               0.00       5.92 f
  gen_full_adders[27].FA/Cin (fullAdder_5)                0.00       5.92 f
  gen_full_adders[27].FA/U2/Q (AO22X1)                    0.17       6.10 f
  gen_full_adders[27].FA/Cout (fullAdder_5)               0.00       6.10 f
  gen_full_adders[28].FA/Cin (fullAdder_4)                0.00       6.10 f
  gen_full_adders[28].FA/U1/Q (XOR2X1)                    0.24       6.34 f
  gen_full_adders[28].FA/Sum (fullAdder_4)                0.00       6.34 f
  S[28] (out)                                             0.22       6.56 f
  data arrival time                                                  6.56
  --------------------------------------------------------------------------
  (Path is unconstrained)


  Startpoint: B[0] (input port)
  Endpoint: S[27] (output port)
  Path Group: (none)
  Path Type: max

  Des/Clust/Port     Wire Load Model       Library
  ------------------------------------------------
  rippleCarryAdder   8000                  saed90nm_typ_ht
  fullAdder_0        ForQA                 saed90nm_typ_ht

  Point                                                   Incr       Path
  --------------------------------------------------------------------------
  input external delay                                    1.00       1.00 r
  B[0] (in)                                               0.00       1.00 r
  gen_full_adders[0].FA/B (fullAdder_0)                   0.00       1.00 r
  gen_full_adders[0].FA/U3/Q (XOR2X1)                     0.22       1.22 f
  gen_full_adders[0].FA/U2/Q (AO22X1)                     0.18       1.40 f
  gen_full_adders[0].FA/Cout (fullAdder_0)                0.00       1.40 f
  gen_full_adders[1].FA/Cin (fullAdder_31)                0.00       1.40 f
  gen_full_adders[1].FA/U2/Q (AO22X1)                     0.17       1.57 f
  gen_full_adders[1].FA/Cout (fullAdder_31)               0.00       1.57 f
  gen_full_adders[2].FA/Cin (fullAdder_30)                0.00       1.57 f
  gen_full_adders[2].FA/U2/Q (AO22X1)                     0.17       1.75 f
  gen_full_adders[2].FA/Cout (fullAdder_30)               0.00       1.75 f
  gen_full_adders[3].FA/Cin (fullAdder_29)                0.00       1.75 f
  gen_full_adders[3].FA/U2/Q (AO22X1)                     0.17       1.92 f
  gen_full_adders[3].FA/Cout (fullAdder_29)               0.00       1.92 f
  gen_full_adders[4].FA/Cin (fullAdder_28)                0.00       1.92 f
  gen_full_adders[4].FA/U2/Q (AO22X1)                     0.17       2.10 f
  gen_full_adders[4].FA/Cout (fullAdder_28)               0.00       2.10 f
  gen_full_adders[5].FA/Cin (fullAdder_27)                0.00       2.10 f
  gen_full_adders[5].FA/U2/Q (AO22X1)                     0.17       2.27 f
  gen_full_adders[5].FA/Cout (fullAdder_27)               0.00       2.27 f
  gen_full_adders[6].FA/Cin (fullAdder_26)                0.00       2.27 f
  gen_full_adders[6].FA/U2/Q (AO22X1)                     0.17       2.44 f
  gen_full_adders[6].FA/Cout (fullAdder_26)               0.00       2.44 f
  gen_full_adders[7].FA/Cin (fullAdder_25)                0.00       2.44 f
  gen_full_adders[7].FA/U2/Q (AO22X1)                     0.17       2.62 f
  gen_full_adders[7].FA/Cout (fullAdder_25)               0.00       2.62 f
  gen_full_adders[8].FA/Cin (fullAdder_24)                0.00       2.62 f
  gen_full_adders[8].FA/U2/Q (AO22X1)                     0.17       2.79 f
  gen_full_adders[8].FA/Cout (fullAdder_24)               0.00       2.79 f
  gen_full_adders[9].FA/Cin (fullAdder_23)                0.00       2.79 f
  gen_full_adders[9].FA/U2/Q (AO22X1)                     0.17       2.97 f
  gen_full_adders[9].FA/Cout (fullAdder_23)               0.00       2.97 f
  gen_full_adders[10].FA/Cin (fullAdder_22)               0.00       2.97 f
  gen_full_adders[10].FA/U2/Q (AO22X1)                    0.17       3.14 f
  gen_full_adders[10].FA/Cout (fullAdder_22)              0.00       3.14 f
  gen_full_adders[11].FA/Cin (fullAdder_21)               0.00       3.14 f
  gen_full_adders[11].FA/U2/Q (AO22X1)                    0.17       3.31 f
  gen_full_adders[11].FA/Cout (fullAdder_21)              0.00       3.31 f
  gen_full_adders[12].FA/Cin (fullAdder_20)               0.00       3.31 f
  gen_full_adders[12].FA/U2/Q (AO22X1)                    0.17       3.49 f
  gen_full_adders[12].FA/Cout (fullAdder_20)              0.00       3.49 f
  gen_full_adders[13].FA/Cin (fullAdder_19)               0.00       3.49 f
  gen_full_adders[13].FA/U2/Q (AO22X1)                    0.17       3.66 f
  gen_full_adders[13].FA/Cout (fullAdder_19)              0.00       3.66 f
  gen_full_adders[14].FA/Cin (fullAdder_18)               0.00       3.66 f
  gen_full_adders[14].FA/U2/Q (AO22X1)                    0.17       3.84 f
  gen_full_adders[14].FA/Cout (fullAdder_18)              0.00       3.84 f
  gen_full_adders[15].FA/Cin (fullAdder_17)               0.00       3.84 f
  gen_full_adders[15].FA/U2/Q (AO22X1)                    0.17       4.01 f
  gen_full_adders[15].FA/Cout (fullAdder_17)              0.00       4.01 f
  gen_full_adders[16].FA/Cin (fullAdder_16)               0.00       4.01 f
  gen_full_adders[16].FA/U2/Q (AO22X1)                    0.17       4.18 f
  gen_full_adders[16].FA/Cout (fullAdder_16)              0.00       4.18 f
  gen_full_adders[17].FA/Cin (fullAdder_15)               0.00       4.18 f
  gen_full_adders[17].FA/U2/Q (AO22X1)                    0.17       4.36 f
  gen_full_adders[17].FA/Cout (fullAdder_15)              0.00       4.36 f
  gen_full_adders[18].FA/Cin (fullAdder_14)               0.00       4.36 f
  gen_full_adders[18].FA/U2/Q (AO22X1)                    0.17       4.53 f
  gen_full_adders[18].FA/Cout (fullAdder_14)              0.00       4.53 f
  gen_full_adders[19].FA/Cin (fullAdder_13)               0.00       4.53 f
  gen_full_adders[19].FA/U2/Q (AO22X1)                    0.17       4.71 f
  gen_full_adders[19].FA/Cout (fullAdder_13)              0.00       4.71 f
  gen_full_adders[20].FA/Cin (fullAdder_12)               0.00       4.71 f
  gen_full_adders[20].FA/U2/Q (AO22X1)                    0.17       4.88 f
  gen_full_adders[20].FA/Cout (fullAdder_12)              0.00       4.88 f
  gen_full_adders[21].FA/Cin (fullAdder_11)               0.00       4.88 f
  gen_full_adders[21].FA/U2/Q (AO22X1)                    0.17       5.05 f
  gen_full_adders[21].FA/Cout (fullAdder_11)              0.00       5.05 f
  gen_full_adders[22].FA/Cin (fullAdder_10)               0.00       5.05 f
  gen_full_adders[22].FA/U2/Q (AO22X1)                    0.17       5.23 f
  gen_full_adders[22].FA/Cout (fullAdder_10)              0.00       5.23 f
  gen_full_adders[23].FA/Cin (fullAdder_9)                0.00       5.23 f
  gen_full_adders[23].FA/U2/Q (AO22X1)                    0.17       5.40 f
  gen_full_adders[23].FA/Cout (fullAdder_9)               0.00       5.40 f
  gen_full_adders[24].FA/Cin (fullAdder_8)                0.00       5.40 f
  gen_full_adders[24].FA/U2/Q (AO22X1)                    0.17       5.58 f
  gen_full_adders[24].FA/Cout (fullAdder_8)               0.00       5.58 f
  gen_full_adders[25].FA/Cin (fullAdder_7)                0.00       5.58 f
  gen_full_adders[25].FA/U2/Q (AO22X1)                    0.17       5.75 f
  gen_full_adders[25].FA/Cout (fullAdder_7)               0.00       5.75 f
  gen_full_adders[26].FA/Cin (fullAdder_6)                0.00       5.75 f
  gen_full_adders[26].FA/U2/Q (AO22X1)                    0.17       5.92 f
  gen_full_adders[26].FA/Cout (fullAdder_6)               0.00       5.92 f
  gen_full_adders[27].FA/Cin (fullAdder_5)                0.00       5.92 f
  gen_full_adders[27].FA/U1/Q (XOR2X1)                    0.24       6.16 f
  gen_full_adders[27].FA/Sum (fullAdder_5)                0.00       6.16 f
  S[27] (out)                                             0.22       6.38 f
  data arrival time                                                  6.38
  --------------------------------------------------------------------------
  (Path is unconstrained)


  Startpoint: B[0] (input port)
  Endpoint: S[26] (output port)
  Path Group: (none)
  Path Type: max

  Des/Clust/Port     Wire Load Model       Library
  ------------------------------------------------
  rippleCarryAdder   8000                  saed90nm_typ_ht
  fullAdder_0        ForQA                 saed90nm_typ_ht

  Point                                                   Incr       Path
  --------------------------------------------------------------------------
  input external delay                                    1.00       1.00 r
  B[0] (in)                                               0.00       1.00 r
  gen_full_adders[0].FA/B (fullAdder_0)                   0.00       1.00 r
  gen_full_adders[0].FA/U3/Q (XOR2X1)                     0.22       1.22 f
  gen_full_adders[0].FA/U2/Q (AO22X1)                     0.18       1.40 f
  gen_full_adders[0].FA/Cout (fullAdder_0)                0.00       1.40 f
  gen_full_adders[1].FA/Cin (fullAdder_31)                0.00       1.40 f
  gen_full_adders[1].FA/U2/Q (AO22X1)                     0.17       1.57 f
  gen_full_adders[1].FA/Cout (fullAdder_31)               0.00       1.57 f
  gen_full_adders[2].FA/Cin (fullAdder_30)                0.00       1.57 f
  gen_full_adders[2].FA/U2/Q (AO22X1)                     0.17       1.75 f
  gen_full_adders[2].FA/Cout (fullAdder_30)               0.00       1.75 f
  gen_full_adders[3].FA/Cin (fullAdder_29)                0.00       1.75 f
  gen_full_adders[3].FA/U2/Q (AO22X1)                     0.17       1.92 f
  gen_full_adders[3].FA/Cout (fullAdder_29)               0.00       1.92 f
  gen_full_adders[4].FA/Cin (fullAdder_28)                0.00       1.92 f
  gen_full_adders[4].FA/U2/Q (AO22X1)                     0.17       2.10 f
  gen_full_adders[4].FA/Cout (fullAdder_28)               0.00       2.10 f
  gen_full_adders[5].FA/Cin (fullAdder_27)                0.00       2.10 f
  gen_full_adders[5].FA/U2/Q (AO22X1)                     0.17       2.27 f
  gen_full_adders[5].FA/Cout (fullAdder_27)               0.00       2.27 f
  gen_full_adders[6].FA/Cin (fullAdder_26)                0.00       2.27 f
  gen_full_adders[6].FA/U2/Q (AO22X1)                     0.17       2.44 f
  gen_full_adders[6].FA/Cout (fullAdder_26)               0.00       2.44 f
  gen_full_adders[7].FA/Cin (fullAdder_25)                0.00       2.44 f
  gen_full_adders[7].FA/U2/Q (AO22X1)                     0.17       2.62 f
  gen_full_adders[7].FA/Cout (fullAdder_25)               0.00       2.62 f
  gen_full_adders[8].FA/Cin (fullAdder_24)                0.00       2.62 f
  gen_full_adders[8].FA/U2/Q (AO22X1)                     0.17       2.79 f
  gen_full_adders[8].FA/Cout (fullAdder_24)               0.00       2.79 f
  gen_full_adders[9].FA/Cin (fullAdder_23)                0.00       2.79 f
  gen_full_adders[9].FA/U2/Q (AO22X1)                     0.17       2.97 f
  gen_full_adders[9].FA/Cout (fullAdder_23)               0.00       2.97 f
  gen_full_adders[10].FA/Cin (fullAdder_22)               0.00       2.97 f
  gen_full_adders[10].FA/U2/Q (AO22X1)                    0.17       3.14 f
  gen_full_adders[10].FA/Cout (fullAdder_22)              0.00       3.14 f
  gen_full_adders[11].FA/Cin (fullAdder_21)               0.00       3.14 f
  gen_full_adders[11].FA/U2/Q (AO22X1)                    0.17       3.31 f
  gen_full_adders[11].FA/Cout (fullAdder_21)              0.00       3.31 f
  gen_full_adders[12].FA/Cin (fullAdder_20)               0.00       3.31 f
  gen_full_adders[12].FA/U2/Q (AO22X1)                    0.17       3.49 f
  gen_full_adders[12].FA/Cout (fullAdder_20)              0.00       3.49 f
  gen_full_adders[13].FA/Cin (fullAdder_19)               0.00       3.49 f
  gen_full_adders[13].FA/U2/Q (AO22X1)                    0.17       3.66 f
  gen_full_adders[13].FA/Cout (fullAdder_19)              0.00       3.66 f
  gen_full_adders[14].FA/Cin (fullAdder_18)               0.00       3.66 f
  gen_full_adders[14].FA/U2/Q (AO22X1)                    0.17       3.84 f
  gen_full_adders[14].FA/Cout (fullAdder_18)              0.00       3.84 f
  gen_full_adders[15].FA/Cin (fullAdder_17)               0.00       3.84 f
  gen_full_adders[15].FA/U2/Q (AO22X1)                    0.17       4.01 f
  gen_full_adders[15].FA/Cout (fullAdder_17)              0.00       4.01 f
  gen_full_adders[16].FA/Cin (fullAdder_16)               0.00       4.01 f
  gen_full_adders[16].FA/U2/Q (AO22X1)                    0.17       4.18 f
  gen_full_adders[16].FA/Cout (fullAdder_16)              0.00       4.18 f
  gen_full_adders[17].FA/Cin (fullAdder_15)               0.00       4.18 f
  gen_full_adders[17].FA/U2/Q (AO22X1)                    0.17       4.36 f
  gen_full_adders[17].FA/Cout (fullAdder_15)              0.00       4.36 f
  gen_full_adders[18].FA/Cin (fullAdder_14)               0.00       4.36 f
  gen_full_adders[18].FA/U2/Q (AO22X1)                    0.17       4.53 f
  gen_full_adders[18].FA/Cout (fullAdder_14)              0.00       4.53 f
  gen_full_adders[19].FA/Cin (fullAdder_13)               0.00       4.53 f
  gen_full_adders[19].FA/U2/Q (AO22X1)                    0.17       4.71 f
  gen_full_adders[19].FA/Cout (fullAdder_13)              0.00       4.71 f
  gen_full_adders[20].FA/Cin (fullAdder_12)               0.00       4.71 f
  gen_full_adders[20].FA/U2/Q (AO22X1)                    0.17       4.88 f
  gen_full_adders[20].FA/Cout (fullAdder_12)              0.00       4.88 f
  gen_full_adders[21].FA/Cin (fullAdder_11)               0.00       4.88 f
  gen_full_adders[21].FA/U2/Q (AO22X1)                    0.17       5.05 f
  gen_full_adders[21].FA/Cout (fullAdder_11)              0.00       5.05 f
  gen_full_adders[22].FA/Cin (fullAdder_10)               0.00       5.05 f
  gen_full_adders[22].FA/U2/Q (AO22X1)                    0.17       5.23 f
  gen_full_adders[22].FA/Cout (fullAdder_10)              0.00       5.23 f
  gen_full_adders[23].FA/Cin (fullAdder_9)                0.00       5.23 f
  gen_full_adders[23].FA/U2/Q (AO22X1)                    0.17       5.40 f
  gen_full_adders[23].FA/Cout (fullAdder_9)               0.00       5.40 f
  gen_full_adders[24].FA/Cin (fullAdder_8)                0.00       5.40 f
  gen_full_adders[24].FA/U2/Q (AO22X1)                    0.17       5.58 f
  gen_full_adders[24].FA/Cout (fullAdder_8)               0.00       5.58 f
  gen_full_adders[25].FA/Cin (fullAdder_7)                0.00       5.58 f
  gen_full_adders[25].FA/U2/Q (AO22X1)                    0.17       5.75 f
  gen_full_adders[25].FA/Cout (fullAdder_7)               0.00       5.75 f
  gen_full_adders[26].FA/Cin (fullAdder_6)                0.00       5.75 f
  gen_full_adders[26].FA/U1/Q (XOR2X1)                    0.24       5.99 f
  gen_full_adders[26].FA/Sum (fullAdder_6)                0.00       5.99 f
  S[26] (out)                                             0.22       6.21 f
  data arrival time                                                  6.21
  --------------------------------------------------------------------------
  (Path is unconstrained)


  Startpoint: B[0] (input port)
  Endpoint: S[25] (output port)
  Path Group: (none)
  Path Type: max

  Des/Clust/Port     Wire Load Model       Library
  ------------------------------------------------
  rippleCarryAdder   8000                  saed90nm_typ_ht
  fullAdder_0        ForQA                 saed90nm_typ_ht

  Point                                                   Incr       Path
  --------------------------------------------------------------------------
  input external delay                                    1.00       1.00 r
  B[0] (in)                                               0.00       1.00 r
  gen_full_adders[0].FA/B (fullAdder_0)                   0.00       1.00 r
  gen_full_adders[0].FA/U3/Q (XOR2X1)                     0.22       1.22 f
  gen_full_adders[0].FA/U2/Q (AO22X1)                     0.18       1.40 f
  gen_full_adders[0].FA/Cout (fullAdder_0)                0.00       1.40 f
  gen_full_adders[1].FA/Cin (fullAdder_31)                0.00       1.40 f
  gen_full_adders[1].FA/U2/Q (AO22X1)                     0.17       1.57 f
  gen_full_adders[1].FA/Cout (fullAdder_31)               0.00       1.57 f
  gen_full_adders[2].FA/Cin (fullAdder_30)                0.00       1.57 f
  gen_full_adders[2].FA/U2/Q (AO22X1)                     0.17       1.75 f
  gen_full_adders[2].FA/Cout (fullAdder_30)               0.00       1.75 f
  gen_full_adders[3].FA/Cin (fullAdder_29)                0.00       1.75 f
  gen_full_adders[3].FA/U2/Q (AO22X1)