****************************************
Report : area
Design : rippleCarryAdder
Version: U-2022.12-SP7
Date   : Tue Dec 12 19:32:13 2023
****************************************

Information: Updating design information... (UID-85)
Library(s) Used:

    saed90nm_typ_ht (File: /home/user28/Downloads/lookAheadAdder/ref/models/saed90nm_typ_ht.db)

Number of ports:                          259
Number of nets:                           324
Number of cells:                          131
Number of combinational cells:             99
Number of sequential cells:                 0
Number of macros/black boxes:               0
Number of buf/inv:                          0
Number of references:                      35

Combinational area:               1301.299213
Buf/Inv area:                        0.000000
Noncombinational area:               0.000000
Macro/Black Box area:                0.000000
Net Interconnect area:              42.262512

Total cell area:                  1301.299213
Total area:                       1343.561726
1