****************************************
Report : cell
Design : fpAdder
Version: U-2022.12-SP7
Date   : Tue Dec 12 20:59:41 2023
****************************************

Attributes:
   BO - reference allows boundary optimization
    b - black box (unknown)
    h - hierarchical
    n - noncombinational
    r - removable
    u - contains unmapped logic

Cell                      Reference       Library             Area  Attributes
--------------------------------------------------------------------------------
MSB_reg[0]                LATCHX1         saed90nm_typ_ht 22.118401 n
MSB_reg[1]                LATCHX1         saed90nm_typ_ht 22.118401 n
MSB_reg[2]                LATCHX1         saed90nm_typ_ht 22.118401 n
MSB_reg[3]                LATCHX1         saed90nm_typ_ht 22.118401 n
MSB_reg[4]                LATCHX1         saed90nm_typ_ht 22.118401 n
U246                      AO21X2          saed90nm_typ_ht 11.980800 
U247                      AO221X1         saed90nm_typ_ht 12.902400 
U248                      AO222X1         saed90nm_typ_ht 14.745600 
U249                      AO221X1         saed90nm_typ_ht 12.902400 
U250                      AO222X1         saed90nm_typ_ht 14.745600 
U251                      AO222X1         saed90nm_typ_ht 14.745600 
U252                      AO222X1         saed90nm_typ_ht 14.745600 
U253                      INVX0           saed90nm_typ_ht 5.529600  
U254                      AO222X1         saed90nm_typ_ht 14.745600 
U255                      INVX0           saed90nm_typ_ht 5.529600  
U256                      AO222X1         saed90nm_typ_ht 14.745600 
U257                      AO222X1         saed90nm_typ_ht 14.745600 
U258                      MUX21X1         saed90nm_typ_ht 11.059200 
U259                      AO222X1         saed90nm_typ_ht 14.745600 
U260                      AO222X1         saed90nm_typ_ht 14.745600 
U261                      NAND2X0         saed90nm_typ_ht 5.529600  
U262                      OA221X1         saed90nm_typ_ht 12.902400 
U263                      OA22X1          saed90nm_typ_ht 11.059200 
U264                      OA222X1         saed90nm_typ_ht 14.745600 
U265                      MUX21X1         saed90nm_typ_ht 11.059200 
U266                      NAND2X0         saed90nm_typ_ht 5.529600  
U267                      MUX21X1         saed90nm_typ_ht 11.059200 
U268                      AO222X1         saed90nm_typ_ht 14.745600 
U269                      NAND2X0         saed90nm_typ_ht 5.529600  
U270                      OA221X1         saed90nm_typ_ht 12.902400 
U271                      OA22X1          saed90nm_typ_ht 11.059200 
U272                      OA222X1         saed90nm_typ_ht 14.745600 
U273                      MUX21X1         saed90nm_typ_ht 11.059200 
U274                      NAND2X0         saed90nm_typ_ht 5.529600  
U275                      MUX21X1         saed90nm_typ_ht 11.059200 
U276                      AO222X1         saed90nm_typ_ht 14.745600 
U277                      NAND2X0         saed90nm_typ_ht 5.529600  
U278                      OA221X1         saed90nm_typ_ht 12.902400 
U279                      OA22X1          saed90nm_typ_ht 11.059200 
U280                      OA222X1         saed90nm_typ_ht 14.745600 
U281                      MUX21X1         saed90nm_typ_ht 11.059200 
U282                      AO222X1         saed90nm_typ_ht 14.745600 
U283                      AO222X1         saed90nm_typ_ht 14.745600 
U284                      AO221X1         saed90nm_typ_ht 12.902400 
U285                      MUX21X1         saed90nm_typ_ht 11.059200 
U286                      AND2X1          saed90nm_typ_ht 7.372800  
U287                      AO221X1         saed90nm_typ_ht 12.902400 
U288                      AO22X1          saed90nm_typ_ht 11.980800 
U289                      OR2X1           saed90nm_typ_ht 7.372800  
U290                      AND2X1          saed90nm_typ_ht 7.372800  
U291                      NAND3X0         saed90nm_typ_ht 7.372800  
U292                      OA222X1         saed90nm_typ_ht 14.745600 
U293                      INVX0           saed90nm_typ_ht 5.529600  
U294                      AOI221X1        saed90nm_typ_ht 14.745600 
U295                      AO22X1          saed90nm_typ_ht 11.980800 
U296                      OA22X1          saed90nm_typ_ht 11.059200 
U297                      OA22X1          saed90nm_typ_ht 11.059200 
U298                      NAND3X0         saed90nm_typ_ht 7.372800  
U299                      OA222X1         saed90nm_typ_ht 14.745600 
U300                      INVX0           saed90nm_typ_ht 5.529600  
U301                      AOI221X1        saed90nm_typ_ht 14.745600 
U302                      AO22X1          saed90nm_typ_ht 11.980800 
U303                      OA22X1          saed90nm_typ_ht 11.059200 
U304                      OA22X1          saed90nm_typ_ht 11.059200 
U305                      NAND3X0         saed90nm_typ_ht 7.372800  
U306                      OA222X1         saed90nm_typ_ht 14.745600 
U307                      INVX0           saed90nm_typ_ht 5.529600  
U308                      AOI221X1        saed90nm_typ_ht 14.745600 
U309                      AO22X1          saed90nm_typ_ht 11.980800 
U310                      INVX0           saed90nm_typ_ht 5.529600  
U311                      OA22X1          saed90nm_typ_ht 11.059200 
U312                      NAND3X0         saed90nm_typ_ht 7.372800  
U313                      OA22X1          saed90nm_typ_ht 11.059200 
U314                      INVX0           saed90nm_typ_ht 5.529600  
U315                      INVX0           saed90nm_typ_ht 5.529600  
U316                      AO221X1         saed90nm_typ_ht 12.902400 
U317                      AO222X1         saed90nm_typ_ht 14.745600 
U318                      MUX21X1         saed90nm_typ_ht 11.059200 
U319                      AO221X1         saed90nm_typ_ht 12.902400 
U320                      AO22X1          saed90nm_typ_ht 11.980800 
U321                      NAND2X0         saed90nm_typ_ht 5.529600  
U322                      OA222X1         saed90nm_typ_ht 14.745600 
U323                      INVX0           saed90nm_typ_ht 5.529600  
U324                      INVX0           saed90nm_typ_ht 5.529600  
U325                      INVX0           saed90nm_typ_ht 5.529600  
U326                      OA222X1         saed90nm_typ_ht 14.745600 
U327                      INVX0           saed90nm_typ_ht 5.529600  
U328                      AOI221X1        saed90nm_typ_ht 14.745600 
U329                      AO22X1          saed90nm_typ_ht 11.980800 
U330                      NAND2X0         saed90nm_typ_ht 5.529600  
U331                      OA222X1         saed90nm_typ_ht 14.745600 
U332                      INVX0           saed90nm_typ_ht 5.529600  
U333                      AO221X1         saed90nm_typ_ht 12.902400 
U334                      AO22X1          saed90nm_typ_ht 11.980800 
U335                      NAND2X0         saed90nm_typ_ht 5.529600  
U336                      INVX0           saed90nm_typ_ht 5.529600  
U337                      AO22X1          saed90nm_typ_ht 11.980800 
U338                      INVX0           saed90nm_typ_ht 5.529600  
U339                      AO221X1         saed90nm_typ_ht 12.902400 
U340                      AO22X1          saed90nm_typ_ht 11.980800 
U341                      OA222X1         saed90nm_typ_ht 14.745600 
U342                      INVX0           saed90nm_typ_ht 5.529600  
U343                      AOI221X1        saed90nm_typ_ht 14.745600 
U344                      AO22X1          saed90nm_typ_ht 11.980800 
U345                      INVX0           saed90nm_typ_ht 5.529600  
U346                      AO221X1         saed90nm_typ_ht 12.902400 
U347                      AO222X1         saed90nm_typ_ht 14.745600 
U348                      INVX0           saed90nm_typ_ht 5.529600  
U349                      MUX21X1         saed90nm_typ_ht 11.059200 
U350                      INVX0           saed90nm_typ_ht 5.529600  
U351                      AO221X1         saed90nm_typ_ht 12.902400 
U352                      AO22X1          saed90nm_typ_ht 11.980800 
U353                      AO221X1         saed90nm_typ_ht 12.902400 
U354                      AO22X1          saed90nm_typ_ht 11.980800 
U355                      AO221X1         saed90nm_typ_ht 12.902400 
U356                      AO22X1          saed90nm_typ_ht 11.980800 
U357                      AO221X1         saed90nm_typ_ht 12.902400 
U358                      AO222X1         saed90nm_typ_ht 14.745600 
U359                      AO221X1         saed90nm_typ_ht 12.902400 
U360                      AO22X1          saed90nm_typ_ht 11.980800 
U361                      AO221X1         saed90nm_typ_ht 12.902400 
U362                      AO22X1          saed90nm_typ_ht 11.980800 
U363                      AO221X1         saed90nm_typ_ht 12.902400 
U364                      AO22X1          saed90nm_typ_ht 11.980800 
U365                      AO221X1         saed90nm_typ_ht 12.902400 
U366                      AO222X1         saed90nm_typ_ht 14.745600 
U367                      AO221X1         saed90nm_typ_ht 12.902400 
U368                      AO22X1          saed90nm_typ_ht 11.980800 
U369                      AO222X1         saed90nm_typ_ht 14.745600 
U370                      INVX0           saed90nm_typ_ht 5.529600  
U371                      NAND2X0         saed90nm_typ_ht 5.529600  
U372                      AND2X1          saed90nm_typ_ht 7.372800  
U373                      AO221X1         saed90nm_typ_ht 12.902400 
U374                      AO22X1          saed90nm_typ_ht 11.980800 
U375                      INVX0           saed90nm_typ_ht 5.529600  
U376                      NAND2X0         saed90nm_typ_ht 5.529600  
U377                      INVX0           saed90nm_typ_ht 5.529600  
U378                      NAND2X0         saed90nm_typ_ht 5.529600  
U379                      INVX0           saed90nm_typ_ht 5.529600  
U380                      NAND2X0         saed90nm_typ_ht 5.529600  
U381                      INVX0           saed90nm_typ_ht 5.529600  
U382                      NAND2X0         saed90nm_typ_ht 5.529600  
U383                      AO222X1         saed90nm_typ_ht 14.745600 
U384                      INVX0           saed90nm_typ_ht 5.529600  
U385                      NAND2X0         saed90nm_typ_ht 5.529600  
U386                      INVX0           saed90nm_typ_ht 5.529600  
U387                      NAND2X0         saed90nm_typ_ht 5.529600  
U388                      AND2X1          saed90nm_typ_ht 7.372800  
U389                      AND2X1          saed90nm_typ_ht 7.372800  
U390                      INVX0           saed90nm_typ_ht 5.529600  
U391                      NOR2X0          saed90nm_typ_ht 5.529600  
U392                      INVX0           saed90nm_typ_ht 5.529600  
U393                      NAND2X0         saed90nm_typ_ht 5.529600  
U394                      INVX0           saed90nm_typ_ht 5.529600  
U395                      NAND2X0         saed90nm_typ_ht 5.529600  
U396                      INVX0           saed90nm_typ_ht 5.529600  
U397                      NAND2X0         saed90nm_typ_ht 5.529600  
U398                      INVX0           saed90nm_typ_ht 5.529600  
U399                      NAND4X0         saed90nm_typ_ht 8.294400  
U400                      AND4X1          saed90nm_typ_ht 10.137600 
U401                      AO222X1         saed90nm_typ_ht 14.745600 
U402                      AO222X1         saed90nm_typ_ht 14.745600 
U403                      AO222X1         saed90nm_typ_ht 14.745600 
U404                      AO222X1         saed90nm_typ_ht 14.745600 
U405                      AND2X1          saed90nm_typ_ht 7.372800  
U406                      AO222X1         saed90nm_typ_ht 14.745600 
U407                      MUX21X1         saed90nm_typ_ht 11.059200 
U408                      AO222X1         saed90nm_typ_ht 14.745600 
U409                      MUX21X1         saed90nm_typ_ht 11.059200 
U410                      AO222X1         saed90nm_typ_ht 14.745600 
U411                      MUX21X1         saed90nm_typ_ht 11.059200 
U412                      AO222X1         saed90nm_typ_ht 14.745600 
U413                      MUX21X1         saed90nm_typ_ht 11.059200 
U414                      NOR2X0          saed90nm_typ_ht 5.529600  
U415                      INVX0           saed90nm_typ_ht 5.529600  
U416                      AND2X1          saed90nm_typ_ht 7.372800  
U417                      NOR2X0          saed90nm_typ_ht 5.529600  
U418                      XNOR2X1         saed90nm_typ_ht 13.824000 
U419                      AO21X1          saed90nm_typ_ht 10.137600 
U420                      NOR2X0          saed90nm_typ_ht 5.529600  
U421                      INVX0           saed90nm_typ_ht 5.529600  
U422                      AOI21X1         saed90nm_typ_ht 11.980800 
U423                      INVX0           saed90nm_typ_ht 5.529600  
U424                      AO21X1          saed90nm_typ_ht 10.137600 
U425                      INVX0           saed90nm_typ_ht 5.529600  
U426                      AO21X1          saed90nm_typ_ht 10.137600 
U427                      INVX0           saed90nm_typ_ht 5.529600  
U428                      AO21X1          saed90nm_typ_ht 10.137600 
U429                      AO21X1          saed90nm_typ_ht 10.137600 
U430                      NOR4X0          saed90nm_typ_ht 9.216000  
U431                      OR4X1           saed90nm_typ_ht 10.137600 
U432                      MUX21X1         saed90nm_typ_ht 11.059200 
U433                      INVX0           saed90nm_typ_ht 5.529600  
U434                      NOR2X0          saed90nm_typ_ht 5.529600  
U435                      OR2X1           saed90nm_typ_ht 7.372800  
U436                      NOR2X0          saed90nm_typ_ht 5.529600  
U437                      AO21X1          saed90nm_typ_ht 10.137600 
U438                      NAND4X0         saed90nm_typ_ht 8.294400  
U439                      AO21X1          saed90nm_typ_ht 10.137600 
U440                      NAND4X0         saed90nm_typ_ht 8.294400  
U441                      NAND4X0         saed90nm_typ_ht 8.294400  
U442                      INVX0           saed90nm_typ_ht 5.529600  
U443                      NAND4X0         saed90nm_typ_ht 8.294400  
U444                      INVX0           saed90nm_typ_ht 5.529600  
U445                      NAND4X0         saed90nm_typ_ht 8.294400  
U446                      NAND3X0         saed90nm_typ_ht 7.372800  
U447                      INVX0           saed90nm_typ_ht 5.529600  
U448                      NAND3X0         saed90nm_typ_ht 7.372800  
U449                      NAND3X0         saed90nm_typ_ht 7.372800  
U450                      NAND3X0         saed90nm_typ_ht 7.372800  
U451                      NAND3X0         saed90nm_typ_ht 7.372800  
U452                      NAND3X0         saed90nm_typ_ht 7.372800  
U453                      NAND3X0         saed90nm_typ_ht 7.372800  
U454                      NAND3X0         saed90nm_typ_ht 7.372800  
U455                      NAND3X0         saed90nm_typ_ht 7.372800  
U456                      NAND3X0         saed90nm_typ_ht 7.372800  
U457                      OR2X1           saed90nm_typ_ht 7.372800  
U458                      INVX0           saed90nm_typ_ht 5.529600  
U459                      INVX0           saed90nm_typ_ht 5.529600  
U460                      INVX0           saed90nm_typ_ht 5.529600  
U461                      INVX0           saed90nm_typ_ht 5.529600  
U462                      INVX0           saed90nm_typ_ht 5.529600  
U463                      INVX0           saed90nm_typ_ht 5.529600  
U464                      INVX0           saed90nm_typ_ht 5.529600  
U465                      INVX0           saed90nm_typ_ht 5.529600  
U466                      INVX0           saed90nm_typ_ht 5.529600  
U467                      OAI21X1         saed90nm_typ_ht 11.059200 
U468                      INVX0           saed90nm_typ_ht 5.529600  
U469                      MUX21X1         saed90nm_typ_ht 11.059200 
U470                      MUX21X1         saed90nm_typ_ht 11.059200 
U471                      OA21X1          saed90nm_typ_ht 9.216000  
U472                      INVX0           saed90nm_typ_ht 5.529600  
U473                      MUX21X1         saed90nm_typ_ht 11.059200 
U474                      MUX21X1         saed90nm_typ_ht 11.059200 
U475                      OA21X1          saed90nm_typ_ht 9.216000  
U476                      INVX0           saed90nm_typ_ht 5.529600  
U477                      MUX21X1         saed90nm_typ_ht 11.059200 
U478                      MUX21X1         saed90nm_typ_ht 11.059200 
U479                      OA21X1          saed90nm_typ_ht 9.216000  
U480                      INVX0           saed90nm_typ_ht 5.529600  
U481                      MUX21X1         saed90nm_typ_ht 11.059200 
U482                      MUX21X1         saed90nm_typ_ht 11.059200 
U483                      OA21X1          saed90nm_typ_ht 9.216000  
U484                      INVX0           saed90nm_typ_ht 5.529600  
U485                      MUX21X1         saed90nm_typ_ht 11.059200 
U486                      MUX21X1         saed90nm_typ_ht 11.059200 
U487                      OA21X1          saed90nm_typ_ht 9.216000  
U488                      INVX0           saed90nm_typ_ht 5.529600  
U489                      MUX21X1         saed90nm_typ_ht 11.059200 
U490                      MUX21X1         saed90nm_typ_ht 11.059200 
U491                      OA21X1          saed90nm_typ_ht 9.216000  
U492                      INVX0           saed90nm_typ_ht 5.529600  
U493                      MUX21X1         saed90nm_typ_ht 11.059200 
U494                      MUX21X1         saed90nm_typ_ht 11.059200 
U495                      OA21X1          saed90nm_typ_ht 9.216000  
U496                      INVX0           saed90nm_typ_ht 5.529600  
U497                      MUX21X1         saed90nm_typ_ht 11.059200 
U498                      MUX21X1         saed90nm_typ_ht 11.059200 
U499                      OA21X1          saed90nm_typ_ht 9.216000  
U500                      INVX0           saed90nm_typ_ht 5.529600  
U501                      MUX21X1         saed90nm_typ_ht 11.059200 
U502                      MUX21X1         saed90nm_typ_ht 11.059200 
U503                      OA21X1          saed90nm_typ_ht 9.216000  
U504                      INVX0           saed90nm_typ_ht 5.529600  
U505                      MUX21X1         saed90nm_typ_ht 11.059200 
U506                      MUX21X1         saed90nm_typ_ht 11.059200 
U507                      AOI21X1         saed90nm_typ_ht 11.980800 
U508                      MUX21X1         saed90nm_typ_ht 11.059200 
U509                      INVX0           saed90nm_typ_ht 5.529600  
U510                      MUX21X1         saed90nm_typ_ht 11.059200 
U511                      MUX21X1         saed90nm_typ_ht 11.059200 
U512                      AOI22X1         saed90nm_typ_ht 12.902400 
U513                      OR2X1           saed90nm_typ_ht 7.372800  
U514                      INVX0           saed90nm_typ_ht 5.529600  
U515                      AO21X1          saed90nm_typ_ht 10.137600 
U516                      OA221X1         saed90nm_typ_ht 12.902400 
U517                      AO221X1         saed90nm_typ_ht 12.902400 
U518                      OA221X1         saed90nm_typ_ht 12.902400 
U519                      AO221X1         saed90nm_typ_ht 12.902400 
U520                      OA221X1         saed90nm_typ_ht 12.902400 
U521                      AO221X1         saed90nm_typ_ht 12.902400 
U522                      OA221X1         saed90nm_typ_ht 12.902400 
U523                      AO221X1         saed90nm_typ_ht 12.902400 
U524                      OA221X1         saed90nm_typ_ht 12.902400 
U525                      AO221X1         saed90nm_typ_ht 12.902400 
U526                      OA221X1         saed90nm_typ_ht 12.902400 
U527                      AO221X1         saed90nm_typ_ht 12.902400 
U528                      OA221X1         saed90nm_typ_ht 12.902400 
U529                      AO221X1         saed90nm_typ_ht 12.902400 
U530                      OA221X1         saed90nm_typ_ht 12.902400 
U531                      AO221X1         saed90nm_typ_ht 12.902400 
U532                      OA221X1         saed90nm_typ_ht 12.902400 
U533                      AO221X1         saed90nm_typ_ht 12.902400 
U534                      OA221X1         saed90nm_typ_ht 12.902400 
U535                      AO222X1         saed90nm_typ_ht 14.745600 
U536                      OR2X1           saed90nm_typ_ht 7.372800  
U537                      INVX0           saed90nm_typ_ht 5.529600  
U538                      AOI22X1         saed90nm_typ_ht 12.902400 
U539                      INVX0           saed90nm_typ_ht 5.529600  
U540                      OA21X1          saed90nm_typ_ht 9.216000  
U541                      INVX0           saed90nm_typ_ht 5.529600  
U542                      INVX0           saed90nm_typ_ht 5.529600  
U543                      INVX0           saed90nm_typ_ht 5.529600  
U544                      INVX0           saed90nm_typ_ht 5.529600  
U545                      INVX0           saed90nm_typ_ht 5.529600  
U546                      INVX0           saed90nm_typ_ht 5.529600  
U547                      INVX0           saed90nm_typ_ht 5.529600  
U548                      INVX0           saed90nm_typ_ht 5.529600  
U549                      INVX0           saed90nm_typ_ht 5.529600  
U550                      INVX0           saed90nm_typ_ht 5.529600  
U551                      INVX0           saed90nm_typ_ht 5.529600  
U552                      INVX0           saed90nm_typ_ht 5.529600  
U553                      INVX0           saed90nm_typ_ht 5.529600  
U554                      INVX0           saed90nm_typ_ht 5.529600  
U555                      INVX0           saed90nm_typ_ht 5.529600  
U556                      INVX0           saed90nm_typ_ht 5.529600  
U557                      INVX0           saed90nm_typ_ht 5.529600  
U558                      INVX0           saed90nm_typ_ht 5.529600  
U559                      INVX0           saed90nm_typ_ht 5.529600  
U560                      INVX0           saed90nm_typ_ht 5.529600  
U561                      INVX0           saed90nm_typ_ht 5.529600  
U562                      OR2X1           saed90nm_typ_ht 7.372800  
U563                      MUX21X1         saed90nm_typ_ht 11.059200 
U564                      MUX21X1         saed90nm_typ_ht 11.059200 
U565                      MUX21X1         saed90nm_typ_ht 11.059200 
U566                      MUX21X1         saed90nm_typ_ht 11.059200 
U567                      MUX21X1         saed90nm_typ_ht 11.059200 
U568                      MUX21X1         saed90nm_typ_ht 11.059200 
U569                      MUX21X1         saed90nm_typ_ht 11.059200 
U570                      MUX21X1         saed90nm_typ_ht 11.059200 
U571                      MUX21X1         saed90nm_typ_ht 11.059200 
U572                      MUX21X1         saed90nm_typ_ht 11.059200 
U573                      MUX21X1         saed90nm_typ_ht 11.059200 
U574                      MUX21X1         saed90nm_typ_ht 11.059200 
U575                      MUX21X1         saed90nm_typ_ht 11.059200 
U576                      MUX21X1         saed90nm_typ_ht 11.059200 
U577                      MUX21X1         saed90nm_typ_ht 11.059200 
U578                      MUX21X1         saed90nm_typ_ht 11.059200 
U579                      MUX21X1         saed90nm_typ_ht 11.059200 
U580                      MUX21X1         saed90nm_typ_ht 11.059200 
U581                      MUX21X1         saed90nm_typ_ht 11.059200 
U582                      MUX21X1         saed90nm_typ_ht 11.059200 
U583                      MUX21X1         saed90nm_typ_ht 11.059200 
U584                      MUX21X1         saed90nm_typ_ht 11.059200 
U585                      MUX21X1         saed90nm_typ_ht 11.059200 
U586                      MUX21X1         saed90nm_typ_ht 11.059200 
U587                      MUX21X1         saed90nm_typ_ht 11.059200 
U588                      MUX21X1         saed90nm_typ_ht 11.059200 
U589                      MUX21X1         saed90nm_typ_ht 11.059200 
U590                      MUX21X1         saed90nm_typ_ht 11.059200 
U591                      MUX21X1         saed90nm_typ_ht 11.059200 
U592                      MUX21X1         saed90nm_typ_ht 11.059200 
U593                      MUX21X1         saed90nm_typ_ht 11.059200 
U594                      MUX21X1         saed90nm_typ_ht 11.059200 
U595                      MUX21X1         saed90nm_typ_ht 11.059200 
U596                      MUX21X1         saed90nm_typ_ht 11.059200 
U597                      MUX21X1         saed90nm_typ_ht 11.059200 
U598                      OR2X1           saed90nm_typ_ht 7.372800  
U599                      MUX21X1         saed90nm_typ_ht 11.059200 
U600                      MUX21X1         saed90nm_typ_ht 11.059200 
U601                      MUX21X1         saed90nm_typ_ht 11.059200 
U602                      MUX21X1         saed90nm_typ_ht 11.059200 
U603                      MUX21X1         saed90nm_typ_ht 11.059200 
U604                      MUX21X1         saed90nm_typ_ht 11.059200 
U605                      MUX21X1         saed90nm_typ_ht 11.059200 
U606                      MUX21X1         saed90nm_typ_ht 11.059200 
U607                      MUX21X1         saed90nm_typ_ht 11.059200 
U608                      MUX21X1         saed90nm_typ_ht 11.059200 
U609                      MUX21X1         saed90nm_typ_ht 11.059200 
U610                      MUX21X1         saed90nm_typ_ht 11.059200 
U611                      MUX21X1         saed90nm_typ_ht 11.059200 
U612                      MUX21X1         saed90nm_typ_ht 11.059200 
U613                      MUX21X1         saed90nm_typ_ht 11.059200 
U614                      OA22X1          saed90nm_typ_ht 11.059200 
U615                      AND2X1          saed90nm_typ_ht 7.372800  
U616                      OA221X1         saed90nm_typ_ht 12.902400 
U617                      AO221X1         saed90nm_typ_ht 12.902400 
U618                      OA221X1         saed90nm_typ_ht 12.902400 
U619                      AO222X1         saed90nm_typ_ht 14.745600 
U620                      INVX0           saed90nm_typ_ht 5.529600  
U621                      OR2X1           saed90nm_typ_ht 7.372800  
U622                      AO22X1          saed90nm_typ_ht 11.980800 
U623                      OA21X1          saed90nm_typ_ht 9.216000  
U624                      INVX0           saed90nm_typ_ht 5.529600  
U625                      INVX0           saed90nm_typ_ht 5.529600  
U626                      INVX0           saed90nm_typ_ht 5.529600  
U627                      INVX0           saed90nm_typ_ht 5.529600  
U628                      INVX0           saed90nm_typ_ht 5.529600  
U629                      NAND4X0         saed90nm_typ_ht 8.294400  
U630                      NOR4X0          saed90nm_typ_ht 9.216000  
U631                      NOR2X0          saed90nm_typ_ht 5.529600  
U632                      INVX0           saed90nm_typ_ht 5.529600  
U633                      INVX0           saed90nm_typ_ht 5.529600  
U634                      NAND4X0         saed90nm_typ_ht 8.294400  
U635                      NOR4X0          saed90nm_typ_ht 9.216000  
U636                      NOR2X0          saed90nm_typ_ht 5.529600  
U637                      INVX0           saed90nm_typ_ht 5.529600  
U638                      INVX0           saed90nm_typ_ht 5.529600  
add_27                    fpAdder_DW01_add_0              699.494389
                                                                    BO, h
add_31                    fpAdder_DW01_inc_0              113.356801
                                                                    BO, h
srl_20                    fpAdder_DW_rash_0               1272.729595
                                                                    BO, h
srl_23                    fpAdder_DW_rash_1               1272.729595
                                                                    BO, h
sub_20                    fpAdder_DW01_sub_5              268.185599
                                                                    BO, h
sub_23                    fpAdder_DW01_sub_6              268.185599
                                                                    BO, h
sub_36                    fpAdder_DW01_sub_4              835.891192
                                                                    BO, h
sub_39                    fpAdder_DW01_sub_3              835.891192
                                                                    BO, h
sub_48_2                  fpAdder_DW01_sub_0              264.499198
                                                                    BO, h
--------------------------------------------------------------------------------
Total 407 cells                                           9726.566384
1
 
****************************************
Report : cell
Design : fpAdder
Version: U-2022.12-SP7
Date   : Tue Dec 12 20:59:41 2023
****************************************

Attributes:
   BO - reference allows boundary optimization
    b - black box (unknown)
    h - hierarchical
    n - noncombinational
    r - removable
    u - contains unmapped logic

Cell                      Reference       Library             Area  Attributes
--------------------------------------------------------------------------------
MSB_reg[0]                LATCHX1         saed90nm_typ_ht 22.118401 n
MSB_reg[1]                LATCHX1         saed90nm_typ_ht 22.118401 n
MSB_reg[2]                LATCHX1         saed90nm_typ_ht 22.118401 n
MSB_reg[3]                LATCHX1         saed90nm_typ_ht 22.118401 n
MSB_reg[4]                LATCHX1         saed90nm_typ_ht 22.118401 n
U246                      AO21X2          saed90nm_typ_ht 11.980800 
U247                      AO221X1         saed90nm_typ_ht 12.902400 
U248                      AO222X1         saed90nm_typ_ht 14.745600 
U249                      AO221X1         saed90nm_typ_ht 12.902400 
U250                      AO222X1         saed90nm_typ_ht 14.745600 
U251                      AO222X1         saed90nm_typ_ht 14.745600 
U252                      AO222X1         saed90nm_typ_ht 14.745600 
U253                      INVX0           saed90nm_typ_ht 5.529600  
U254                      AO222X1         saed90nm_typ_ht 14.745600 
U255                      INVX0           saed90nm_typ_ht 5.529600  
U256                      AO222X1         saed90nm_typ_ht 14.745600 
U257                      AO222X1         saed90nm_typ_ht 14.745600 
U258                      MUX21X1         saed90nm_typ_ht 11.059200 
U259                      AO222X1         saed90nm_typ_ht 14.745600 
U260                      AO222X1         saed90nm_typ_ht 14.745600 
U261                      NAND2X0         saed90nm_typ_ht 5.529600  
U262                      OA221X1         saed90nm_typ_ht 12.902400 
U263                      OA22X1          saed90nm_typ_ht 11.059200 
U264                      OA222X1         saed90nm_typ_ht 14.745600 
U265                      MUX21X1         saed90nm_typ_ht 11.059200 
U266                      NAND2X0         saed90nm_typ_ht 5.529600  
U267                      MUX21X1         saed90nm_typ_ht 11.059200 
U268                      AO222X1         saed90nm_typ_ht 14.745600 
U269                      NAND2X0         saed90nm_typ_ht 5.529600  
U270                      OA221X1         saed90nm_typ_ht 12.902400 
U271                      OA22X1          saed90nm_typ_ht 11.059200 
U272                      OA222X1         saed90nm_typ_ht 14.745600 
U273                      MUX21X1         saed90nm_typ_ht 11.059200 
U274                      NAND2X0         saed90nm_typ_ht 5.529600  
U275                      MUX21X1         saed90nm_typ_ht 11.059200 
U276                      AO222X1         saed90nm_typ_ht 14.745600 
U277                      NAND2X0         saed90nm_typ_ht 5.529600  
U278                      OA221X1         saed90nm_typ_ht 12.902400 
U279                      OA22X1          saed90nm_typ_ht 11.059200 
U280                      OA222X1         saed90nm_typ_ht 14.745600 
U281                      MUX21X1         saed90nm_typ_ht 11.059200 
U282                      AO222X1         saed90nm_typ_ht 14.745600 
U283                      AO222X1         saed90nm_typ_ht 14.745600 
U284                      AO221X1         saed90nm_typ_ht 12.902400 
U285                      MUX21X1         saed90nm_typ_ht 11.059200 
U286                      AND2X1          saed90nm_typ_ht 7.372800  
U287                      AO221X1         saed90nm_typ_ht 12.902400 
U288                      AO22X1          saed90nm_typ_ht 11.980800 
U289                      OR2X1           saed90nm_typ_ht 7.372800  
U290                      AND2X1          saed90nm_typ_ht 7.372800  
U291                      NAND3X0         saed90nm_typ_ht 7.372800  
U292                      OA222X1         saed90nm_typ_ht 14.745600 
U293                      INVX0           saed90nm_typ_ht 5.529600  
U294                      AOI221X1        saed90nm_typ_ht 14.745600 
U295                      AO22X1          saed90nm_typ_ht 11.980800 
U296                      OA22X1          saed90nm_typ_ht 11.059200 
U297                      OA22X1          saed90nm_typ_ht 11.059200 
U298                      NAND3X0         saed90nm_typ_ht 7.372800  
U299                      OA222X1         saed90nm_typ_ht 14.745600 
U300                      INVX0           saed90nm_typ_ht 5.529600  
U301                      AOI221X1        saed90nm_typ_ht 14.745600 
U302                      AO22X1          saed90nm_typ_ht 11.980800 
U303                      OA22X1          saed90nm_typ_ht 11.059200 
U304                      OA22X1          saed90nm_typ_ht 11.059200 
U305                      NAND3X0         saed90nm_typ_ht 7.372800  
U306                      OA222X1         saed90nm_typ_ht 14.745600 
U307                      INVX0           saed90nm_typ_ht 5.529600  
U308                      AOI221X1        saed90nm_typ_ht 14.745600 
U309                      AO22X1          saed90nm_typ_ht 11.980800 
U310                      INVX0           saed90nm_typ_ht 5.529600  
U311                      OA22X1          saed90nm_typ_ht 11.059200 
U312                      NAND3X0         saed90nm_typ_ht 7.372800  
U313                      OA22X1          saed90nm_typ_ht 11.059200 
U314                      INVX0           saed90nm_typ_ht 5.529600  
U315                      INVX0           saed90nm_typ_ht 5.529600  
U316                      AO221X1         saed90nm_typ_ht 12.902400 
U317                      AO222X1         saed90nm_typ_ht 14.745600 
U318                      MUX21X1         saed90nm_typ_ht 11.059200 
U319                      AO221X1         saed90nm_typ_ht 12.902400 
U320                      AO22X1          saed90nm_typ_ht 11.980800 
U321                      NAND2X0         saed90nm_typ_ht 5.529600  
U322                      OA222X1         saed90nm_typ_ht 14.745600 
U323                      INVX0           saed90nm_typ_ht 5.529600  
U324                      INVX0           saed90nm_typ_ht 5.529600  
U325                      INVX0           saed90nm_typ_ht 5.529600  
U326                      OA222X1         saed90nm_typ_ht 14.745600 
U327                      INVX0           saed90nm_typ_ht 5.529600  
U328                      AOI221X1        saed90nm_typ_ht 14.745600 
U329                      AO22X1          saed90nm_typ_ht 11.980800 
U330                      NAND2X0         saed90nm_typ_ht 5.529600  
U331                      OA222X1         saed90nm_typ_ht 14.745600 
U332                      INVX0           saed90nm_typ_ht 5.529600  
U333                      AO221X1         saed90nm_typ_ht 12.902400 
U334                      AO22X1          saed90nm_typ_ht 11.980800 
U335                      NAND2X0         saed90nm_typ_ht 5.529600  
U336                      INVX0           saed90nm_typ_ht 5.529600  
U337                      AO22X1          saed90nm_typ_ht 11.980800 
U338                      INVX0           saed90nm_typ_ht 5.529600  
U339                      AO221X1         saed90nm_typ_ht 12.902400 
U340                      AO22X1          saed90nm_typ_ht 11.980800 
U341                      OA222X1         saed90nm_typ_ht 14.745600 
U342                      INVX0           saed90nm_typ_ht 5.529600  
U343                      AOI221X1        saed90nm_typ_ht 14.745600 
U344                      AO22X1          saed90nm_typ_ht 11.980800 
U345                      INVX0           saed90nm_typ_ht 5.529600  
U346                      AO221X1         saed90nm_typ_ht 12.902400 
U347                      AO222X1         saed90nm_typ_ht 14.745600 
U348                      INVX0           saed90nm_typ_ht 5.529600  
U349                      MUX21X1         saed90nm_typ_ht 11.059200 
U350                      INVX0           saed90nm_typ_ht 5.529600  
U351                      AO221X1         saed90nm_typ_ht 12.902400 
U352                      AO22X1          saed90nm_typ_ht 11.980800 
U353                      AO221X1         saed90nm_typ_ht 12.902400 
U354                      AO22X1          saed90nm_typ_ht 11.980800 
U355                      AO221X1         saed90nm_typ_ht 12.902400 
U356                      AO22X1          saed90nm_typ_ht 11.980800 
U357                      AO221X1         saed90nm_typ_ht 12.902400 
U358                      AO222X1         saed90nm_typ_ht 14.745600 
U359                      AO221X1         saed90nm_typ_ht 12.902400 
U360                      AO22X1          saed90nm_typ_ht 11.980800 
U361                      AO221X1         saed90nm_typ_ht 12.902400 
U362                      AO22X1          saed90nm_typ_ht 11.980800 
U363                      AO221X1         saed90nm_typ_ht 12.902400 
U364                      AO22X1          saed90nm_typ_ht 11.980800 
U365                      AO221X1         saed90nm_typ_ht 12.902400 
U366                      AO222X1         saed90nm_typ_ht 14.745600 
U367                      AO221X1         saed90nm_typ_ht 12.902400 
U368                      AO22X1          saed90nm_typ_ht 11.980800 
U369                      AO222X1         saed90nm_typ_ht 14.745600 
U370                      INVX0           saed90nm_typ_ht 5.529600  
U371                      NAND2X0         saed90nm_typ_ht 5.529600  
U372                      AND2X1          saed90nm_typ_ht 7.372800  
U373                      AO221X1         saed90nm_typ_ht 12.902400 
U374                      AO22X1          saed90nm_typ_ht 11.980800 
U375                      INVX0           saed90nm_typ_ht 5.529600  
U376                      NAND2X0         saed90nm_typ_ht 5.529600  
U377                      INVX0           saed90nm_typ_ht 5.529600  
U378                      NAND2X0         saed90nm_typ_ht 5.529600  
U379                      INVX0           saed90nm_typ_ht 5.529600  
U380                      NAND2X0         saed90nm_typ_ht 5.529600  
U381                      INVX0           saed90nm_typ_ht 5.529600  
U382                      NAND2X0         saed90nm_typ_ht 5.529600  
U383                      AO222X1         saed90nm_typ_ht 14.745600 
U384                      INVX0           saed90nm_typ_ht 5.529600  
U385                      NAND2X0         saed90nm_typ_ht 5.529600  
U386                      INVX0           saed90nm_typ_ht 5.529600  
U387                      NAND2X0         saed90nm_typ_ht 5.529600  
U388                      AND2X1          saed90nm_typ_ht 7.372800  
U389                      AND2X1          saed90nm_typ_ht 7.372800  
U390                      INVX0           saed90nm_typ_ht 5.529600  
U391                      NOR2X0          saed90nm_typ_ht 5.529600  
U392                      INVX0           saed90nm_typ_ht 5.529600  
U393                      NAND2X0         saed90nm_typ_ht 5.529600  
U394                      INVX0           saed90nm_typ_ht 5.529600  
U395                      NAND2X0         saed90nm_typ_ht 5.529600  
U396                      INVX0           saed90nm_typ_ht 5.529600  
U397                      NAND2X0         saed90nm_typ_ht 5.529600  
U398                      INVX0           saed90nm_typ_ht 5.529600  
U399                      NAND4X0         saed90nm_typ_ht 8.294400  
U400                      AND4X1          saed90nm_typ_ht 10.137600 
U401                      AO222X1         saed90nm_typ_ht 14.745600 
U402                      AO222X1         saed90nm_typ_ht 14.745600 
U403                      AO222X1         saed90nm_typ_ht 14.745600 
U404                      AO222X1         saed90nm_typ_ht 14.745600 
U405                      AND2X1          saed90nm_typ_ht 7.372800  
U406                      AO222X1         saed90nm_typ_ht 14.745600 
U407                      MUX21X1         saed90nm_typ_ht 11.059200 
U408                      AO222X1         saed90nm_typ_ht 14.745600 
U409                      MUX21X1         saed90nm_typ_ht 11.059200 
U410                      AO222X1         saed90nm_typ_ht 14.745600 
U411                      MUX21X1         saed90nm_typ_ht 11.059200 
U412                      AO222X1         saed90nm_typ_ht 14.745600 
U413                      MUX21X1         saed90nm_typ_ht 11.059200 
U414                      NOR2X0          saed90nm_typ_ht 5.529600  
U415                      INVX0           saed90nm_typ_ht 5.529600  
U416                      AND2X1          saed90nm_typ_ht 7.372800  
U417                      NOR2X0          saed90nm_typ_ht 5.529600  
U418                      XNOR2X1         saed90nm_typ_ht 13.824000 
U419                      AO21X1          saed90nm_typ_ht 10.137600 
U420                      NOR2X0          saed90nm_typ_ht 5.529600  
U421                      INVX0           saed90nm_typ_ht 5.529600  
U422                      AOI21X1         saed90nm_typ_ht 11.980800 
U423                      INVX0           saed90nm_typ_ht 5.529600  
U424                      AO21X1          saed90nm_typ_ht 10.137600 
U425                      INVX0           saed90nm_typ_ht 5.529600  
U426                      AO21X1          saed90nm_typ_ht 10.137600 
U427                      INVX0           saed90nm_typ_ht 5.529600  
U428                      AO21X1          saed90nm_typ_ht 10.137600 
U429                      AO21X1          saed90nm_typ_ht 10.137600 
U430                      NOR4X0          saed90nm_typ_ht 9.216000  
U431                      OR4X1           saed90nm_typ_ht 10.137600 
U432                      MUX21X1         saed90nm_typ_ht 11.059200 
U433                      INVX0           saed90nm_typ_ht 5.529600  
U434                      NOR2X0          saed90nm_typ_ht 5.529600  
U435                      OR2X1           saed90nm_typ_ht 7.372800  
U436                      NOR2X0          saed90nm_typ_ht 5.529600  
U437                      AO21X1          saed90nm_typ_ht 10.137600 
U438                      NAND4X0         saed90nm_typ_ht 8.294400  
U439                      AO21X1          saed90nm_typ_ht 10.137600 
U440                      NAND4X0         saed90nm_typ_ht 8.294400  
U441                      NAND4X0         saed90nm_typ_ht 8.294400  
U442                      INVX0           saed90nm_typ_ht 5.529600  
U443                      NAND4X0         saed90nm_typ_ht 8.294400  
U444                      INVX0           saed90nm_typ_ht 5.529600  
U445                      NAND4X0         saed90nm_typ_ht 8.294400  
U446                      NAND3X0         saed90nm_typ_ht 7.372800  
U447                      INVX0           saed90nm_typ_ht 5.529600  
U448                      NAND3X0         saed90nm_typ_ht 7.372800  
U449                      NAND3X0         saed90nm_typ_ht 7.372800  
U450                      NAND3X0         saed90nm_typ_ht 7.372800  
U451                      NAND3X0         saed90nm_typ_ht 7.372800  
U452                      NAND3X0         saed90nm_typ_ht 7.372800  
U453                      NAND3X0         saed90nm_typ_ht 7.372800  
U454                      NAND3X0         saed90nm_typ_ht 7.372800  
U455                      NAND3X0         saed90nm_typ_ht 7.372800  
U456                      NAND3X0         saed90nm_typ_ht 7.372800  
U457                      OR2X1           saed90nm_typ_ht 7.372800  
U458                      INVX0           saed90nm_typ_ht 5.529600  
U459                      INVX0           saed90nm_typ_ht 5.529600  
U460                      INVX0           saed90nm_typ_ht 5.529600  
U461                      INVX0           saed90nm_typ_ht 5.529600  
U462                      INVX0           saed90nm_typ_ht 5.529600  
U463                      INVX0           saed90nm_typ_ht 5.529600  
U464                      INVX0           saed90nm_typ_ht 5.529600  
U465                      INVX0           saed90nm_typ_ht 5.529600  
U466                      INVX0           saed90nm_typ_ht 5.529600  
U467                      OAI21X1         saed90nm_typ_ht 11.059200 
U468                      INVX0           saed90nm_typ_ht 5.529600  
U469                      MUX21X1         saed90nm_typ_ht 11.059200 
U470                      MUX21X1         saed90nm_typ_ht 11.059200 
U471                      OA21X1          saed90nm_typ_ht 9.216000  
U472                      INVX0           saed90nm_typ_ht 5.529600  
U473                      MUX21X1         saed90nm_typ_ht 11.059200 
U474                      MUX21X1         saed90nm_typ_ht 11.059200 
U475                      OA21X1          saed90nm_typ_ht 9.216000  
U476                      INVX0           saed90nm_typ_ht 5.529600  
U477                      MUX21X1         saed90nm_typ_ht 11.059200 
U478                      MUX21X1         saed90nm_typ_ht 11.059200 
U479                      OA21X1          saed90nm_typ_ht 9.216000  
U480                      INVX0           saed90nm_typ_ht 5.529600  
U481                      MUX21X1         saed90nm_typ_ht 11.059200 
U482                      MUX21X1         saed90nm_typ_ht 11.059200 
U483                      OA21X1          saed90nm_typ_ht 9.216000  
U484                      INVX0           saed90nm_typ_ht 5.529600  
U485                      MUX21X1         saed90nm_typ_ht 11.059200 
U486                      MUX21X1         saed90nm_typ_ht 11.059200 
U487                      OA21X1          saed90nm_typ_ht 9.216000  
U488                      INVX0           saed90nm_typ_ht 5.529600  
U489                      MUX21X1         saed90nm_typ_ht 11.059200 
U490                      MUX21X1         saed90nm_typ_ht 11.059200 
U491                      OA21X1          saed90nm_typ_ht 9.216000  
U492                      INVX0           saed90nm_typ_ht 5.529600  
U493                      MUX21X1         saed90nm_typ_ht 11.059200 
U494                      MUX21X1         saed90nm_typ_ht 11.059200 
U495                      OA21X1          saed90nm_typ_ht 9.216000  
U496                      INVX0           saed90nm_typ_ht 5.529600  
U497                      MUX21X1         saed90nm_typ_ht 11.059200 
U498                      MUX21X1         saed90nm_typ_ht 11.059200 
U499                      OA21X1          saed90nm_typ_ht 9.216000  
U500                      INVX0           saed90nm_typ_ht 5.529600  
U501                      MUX21X1         saed90nm_typ_ht 11.059200 
U502                      MUX21X1         saed90nm_typ_ht 11.059200 
U503                      OA21X1          saed90nm_typ_ht 9.216000  
U504                      INVX0           saed90nm_typ_ht 5.529600  
U505                      MUX21X1         saed90nm_typ_ht 11.059200 
U506                      MUX21X1         saed90nm_typ_ht 11.059200 
U507                      AOI21X1         saed90nm_typ_ht 11.980800 
U508                      MUX21X1         saed90nm_typ_ht 11.059200 
U509                      INVX0           saed90nm_typ_ht 5.529600  
U510                      MUX21X1         saed90nm_typ_ht 11.059200 
U511                      MUX21X1         saed90nm_typ_ht 11.059200 
U512                      AOI22X1         saed90nm_typ_ht 12.902400 
U513                      OR2X1           saed90nm_typ_ht 7.372800  
U514                      INVX0           saed90nm_typ_ht 5.529600  
U515                      AO21X1          saed90nm_typ_ht 10.137600 
U516                      OA221X1         saed90nm_typ_ht 12.902400 
U517                      AO221X1         saed90nm_typ_ht 12.902400 
U518                      OA221X1         saed90nm_typ_ht 12.902400 
U519                      AO221X1         saed90nm_typ_ht 12.902400 
U520                      OA221X1         saed90nm_typ_ht 12.902400 
U521                      AO221X1         saed90nm_typ_ht 12.902400 
U522                      OA221X1         saed90nm_typ_ht 12.902400 
U523                      AO221X1         saed90nm_typ_ht 12.902400 
U524                      OA221X1         saed90nm_typ_ht 12.902400 
U525                      AO221X1         saed90nm_typ_ht 12.902400 
U526                      OA221X1         saed90nm_typ_ht 12.902400 
U527                      AO221X1         saed90nm_typ_ht 12.902400 
U528                      OA221X1         saed90nm_typ_ht 12.902400 
U529                      AO221X1         saed90nm_typ_ht 12.902400 
U530                      OA221X1         saed90nm_typ_ht 12.902400 
U531                      AO221X1         saed90nm_typ_ht 12.902400 
U532                      OA221X1         saed90nm_typ_ht 12.902400 
U533                      AO221X1         saed90nm_typ_ht 12.902400 
U534                      OA221X1         saed90nm_typ_ht 12.902400 
U535                      AO222X1         saed90nm_typ_ht 14.745600 
U536                      OR2X1           saed90nm_typ_ht 7.372800  
U537                      INVX0           saed90nm_typ_ht 5.529600  
U538                      AOI22X1         saed90nm_typ_ht 12.902400 
U539                      INVX0           saed90nm_typ_ht 5.529600  
U540                      OA21X1          saed90nm_typ_ht 9.216000  
U541                      INVX0           saed90nm_typ_ht 5.529600  
U542                      INVX0           saed90nm_typ_ht 5.529600  
U543                      INVX0           saed90nm_typ_ht 5.529600  
U544                      INVX0           saed90nm_typ_ht 5.529600  
U545                      INVX0           saed90nm_typ_ht 5.529600  
U546                      INVX0           saed90nm_typ_ht 5.529600  
U547                      INVX0           saed90nm_typ_ht 5.529600  
U548                      INVX0           saed90nm_typ_ht 5.529600  
U549                      INVX0           saed90nm_typ_ht 5.529600  
U550                      INVX0           saed90nm_typ_ht 5.529600  
U551                      INVX0           saed90nm_typ_ht 5.529600  
U552                      INVX0           saed90nm_typ_ht 5.529600  
U553                      INVX0           saed90nm_typ_ht 5.529600  
U554                      INVX0           saed90nm_typ_ht 5.529600  
U555                      INVX0           saed90nm_typ_ht 5.529600  
U556                      INVX0           saed90nm_typ_ht 5.529600  
U557                      INVX0           saed90nm_typ_ht 5.529600  
U558                      INVX0           saed90nm_typ_ht 5.529600  
U559                      INVX0           saed90nm_typ_ht 5.529600  
U560                      INVX0           saed90nm_typ_ht 5.529600  
U561                      INVX0           saed90nm_typ_ht 5.529600  
U562                      OR2X1           saed90nm_typ_ht 7.372800  
U563                      MUX21X1         saed90nm_typ_ht 11.059200 
U564                      MUX21X1         saed90nm_typ_ht 11.059200 
U565                      MUX21X1         saed90nm_typ_ht 11.059200 
U566                      MUX21X1         saed90nm_typ_ht 11.059200 
U567                      MUX21X1         saed90nm_typ_ht 11.059200 
U568                      MUX21X1         saed90nm_typ_ht 11.059200 
U569                      MUX21X1         saed90nm_typ_ht 11.059200 
U570                      MUX21X1         saed90nm_typ_ht 11.059200 
U571                      MUX21X1         saed90nm_typ_ht 11.059200 
U572                      MUX21X1         saed90nm_typ_ht 11.059200 
U573                      MUX21X1         saed90nm_typ_ht 11.059200 
U574                      MUX21X1         saed90nm_typ_ht 11.059200 
U575                      MUX21X1         saed90nm_typ_ht 11.059200 
U576                      MUX21X1         saed90nm_typ_ht 11.059200 
U577                      MUX21X1         saed90nm_typ_ht 11.059200 
U578                      MUX21X1         saed90nm_typ_ht 11.059200 
U579                      MUX21X1         saed90nm_typ_ht 11.059200 
U580                      MUX21X1         saed90nm_typ_ht 11.059200 
U581                      MUX21X1         saed90nm_typ_ht 11.059200 
U582                      MUX21X1         saed90nm_typ_ht 11.059200 
U583                      MUX21X1         saed90nm_typ_ht 11.059200 
U584                      MUX21X1         saed90nm_typ_ht 11.059200 
U585                      MUX21X1         saed90nm_typ_ht 11.059200 
U586                      MUX21X1         saed90nm_typ_ht 11.059200 
U587                      MUX21X1         saed90nm_typ_ht 11.059200 
U588                      MUX21X1         saed90nm_typ_ht 11.059200 
U589                      MUX21X1         saed90nm_typ_ht 11.059200 
U590                      MUX21X1         saed90nm_typ_ht 11.059200 
U591                      MUX21X1         saed90nm_typ_ht 11.059200 
U592                      MUX21X1         saed90nm_typ_ht 11.059200 
U593                      MUX21X1         saed90nm_typ_ht 11.059200 
U594                      MUX21X1         saed90nm_typ_ht 11.059200 
U595                      MUX21X1         saed90nm_typ_ht 11.059200 
U596                      MUX21X1         saed90nm_typ_ht 11.059200 
U597                      MUX21X1         saed90nm_typ_ht 11.059200 
U598                      OR2X1           saed90nm_typ_ht 7.372800  
U599                      MUX21X1         saed90nm_typ_ht 11.059200 
U600                      MUX21X1         saed90nm_typ_ht 11.059200 
U601                      MUX21X1         saed90nm_typ_ht 11.059200 
U602                      MUX21X1         saed90nm_typ_ht 11.059200 
U603                      MUX21X1         saed90nm_typ_ht 11.059200 
U604                      MUX21X1         saed90nm_typ_ht 11.059200 
U605                      MUX21X1         saed90nm_typ_ht 11.059200 
U606                      MUX21X1         saed90nm_typ_ht 11.059200 
U607                      MUX21X1         saed90nm_typ_ht 11.059200 
U608                      MUX21X1         saed90nm_typ_ht 11.059200 
U609                      MUX21X1         saed90nm_typ_ht 11.059200 
U610                      MUX21X1         saed90nm_typ_ht 11.059200 
U611                      MUX21X1         saed90nm_typ_ht 11.059200 
U612                      MUX21X1         saed90nm_typ_ht 11.059200 
U613                      MUX21X1         saed90nm_typ_ht 11.059200 
U614                      OA22X1          saed90nm_typ_ht 11.059200 
U615                      AND2X1          saed90nm_typ_ht 7.372800  
U616                      OA221X1         saed90nm_typ_ht 12.902400 
U617                      AO221X1         saed90nm_typ_ht 12.902400 
U618                      OA221X1         saed90nm_typ_ht 12.902400 
U619                      AO222X1         saed90nm_typ_ht 14.745600 
U620                      INVX0           saed90nm_typ_ht 5.529600  
U621                      OR2X1           saed90nm_typ_ht 7.372800  
U622                      AO22X1          saed90nm_typ_ht 11.980800 
U623                      OA21X1          saed90nm_typ_ht 9.216000  
U624                      INVX0           saed90nm_typ_ht 5.529600  
U625                      INVX0           saed90nm_typ_ht 5.529600  
U626                      INVX0           saed90nm_typ_ht 5.529600  
U627                      INVX0           saed90nm_typ_ht 5.529600  
U628                      INVX0           saed90nm_typ_ht 5.529600  
U629                      NAND4X0         saed90nm_typ_ht 8.294400  
U630                      NOR4X0          saed90nm_typ_ht 9.216000  
U631                      NOR2X0          saed90nm_typ_ht 5.529600  
U632                      INVX0           saed90nm_typ_ht 5.529600  
U633                      INVX0           saed90nm_typ_ht 5.529600  
U634                      NAND4X0         saed90nm_typ_ht 8.294400  
U635                      NOR4X0          saed90nm_typ_ht 9.216000  
U636                      NOR2X0          saed90nm_typ_ht 5.529600  
U637                      INVX0           saed90nm_typ_ht 5.529600  
U638                      INVX0           saed90nm_typ_ht 5.529600  
add_27                    fpAdder_DW01_add_0              699.494389
                                                                    BO, h
add_31                    fpAdder_DW01_inc_0              113.356801
                                                                    BO, h
srl_20                    fpAdder_DW_rash_0               1272.729595
                                                                    BO, h
srl_23                    fpAdder_DW_rash_1               1272.729595
                                                                    BO, h
sub_20                    fpAdder_DW01_sub_5              268.185599
                                                                    BO, h
sub_23                    fpAdder_DW01_sub_6              268.185599
                                                                    BO, h
sub_36                    fpAdder_DW01_sub_4              835.891192
                                                                    BO, h
sub_39                    fpAdder_DW01_sub_3              835.891192
                                                                    BO, h
sub_48_2                  fpAdder_DW01_sub_0              264.499198
                                                                    BO, h
--------------------------------------------------------------------------------
Total 407 cells                                           9726.566384
1